580 cases, 0 booklets parsed; arms: ['B-current', 'B-cut']
[1/580] v1.1-row-0-B | B-current: entailment | B-cut: entailment
[2/580] v1.1-row-1-B | B-cut: entailment | B-current: entailment
[3/580] v1.1-row-3-B | B-current: entailment | B-cut: entailment
[4/580] v1.1-row-7-B | B-cut: entailment | B-current: entailment
[5/580] v1.1-row-10-B | B-current: entailment | B-cut: entailment
[6/580] v1.1-row-11-B | B-cut: entailment | B-current: entailment
[7/580] v1.1-row-12-B | B-current: entailment | B-cut: entailment
[8/580] v1.1-row-13-B | B-cut: entailment | B-current: entailment
[9/580] v1.1-row-15-B | B-current: entailment | B-cut: entailment
[10/580] v1.1-row-17-B | B-cut: contradiction | B-current: contradiction
[11/580] v1.1-row-19-B | B-current: entailment | B-cut: entailment
[12/580] v1.1-row-24-B | B-cut: entailment | B-current: entailment
[13/580] v1.1-row-25-B | B-current: entailment | B-cut: entailment
[14/580] v1.1-row-29-B | B-cut: entailment | B-current: entailment
[15/580] v1.1-row-32-B | B-current: entailment | B-cut: entailment
[16/580] v1.1-row-37-B | B-cut: entailment | B-current: entailment
[17/580] v1.1-row-43-B | B-current: entailment | B-cut: entailment
[18/580] v1.1-row-44-B | B-cut: entailment | B-current: entailment
[19/580] v1.1-row-45-B | B-current: entailment | B-cut: entailment
[20/580] v1.1-row-52-B | B-cut: entailment | B-current: entailment
[21/580] v1.1-row-54-B | B-current: entailment | B-cut: entailment
[22/580] v1.1-row-55-B | B-cut: entailment | B-current: entailment
[23/580] v1.1-row-56-B | B-current: entailment | B-cut: entailment
[24/580] v1.1-row-61-B | B-cut: entailment | B-current: entailment
[25/580] v1.1-row-63-B | B-current: entailment | B-cut: entailment
[26/580] v1.1-row-65-B | B-cut: entailment | B-current: entailment
[27/580] v1.1-row-69-B | B-current: entailment | B-cut: entailment
[28/580] v1.1-row-71-B | B-cut: entailment | B-current: entailment
[29/580] v1.1-row-78-B | B-current: entailment | B-cut: entailment
[30/580] v1.1-row-81-B | B-cut: entailment | B-current: entailment
[31/580] v1.1-row-82-B | B-current: entailment | B-cut: entailment
[32/580] v1.1-row-83-B | B-cut: entailment | B-current: entailment
[33/580] v1.1-row-87-B | B-current: entailment | B-cut: entailment
[34/580] v1.1-row-88-B | B-cut: entailment | B-current: entailment
[35/580] v1.1-row-89-B | B-current: entailment | B-cut: entailment
[36/580] v1.1-row-90-B | B-cut: entailment | B-current: entailment
[37/580] v1.1-row-92-B | B-current: entailment | B-cut: entailment
[38/580] v1.1-row-97-B | B-cut: entailment | B-current: entailment
[39/580] v1.1-row-98-B | B-current: entailment | B-cut: entailment
[40/580] v1.1-row-99-B | B-cut: entailment | B-current: entailment
[41/580] v1.1-row-101-B | B-current: entailment | B-cut: entailment
[42/580] v1.1-row-103-B | B-cut: entailment | B-current: entailment
[43/580] v1.1-row-104-B | B-current: entailment | B-cut: entailment
[44/580] v1.1-row-105-B | B-cut: entailment | B-current: entailment
[45/580] v1.1-row-106-B | B-current: entailment | B-cut: entailment
[46/580] v1.1-row-107-B | B-cut: entailment | B-current: entailment
[47/580] v1.1-row-110-B | B-current: entailment | B-cut: entailment
[48/580] v1.1-row-113-B | B-cut: entailment | B-current: entailment
[49/580] v1.1-row-114-B | B-current: entailment | B-cut: entailment
[50/580] v1.1-row-117-B | B-cut: entailment | B-current: entailment
[51/580] v1.1-row-118-B | B-current: entailment | B-cut: entailment
[52/580] v1.1-row-119-B | B-cut: entailment | B-current: entailment
[53/580] v1.1-row-121-B | B-current: entailment | B-cut: entailment
[54/580] v1.1-row-122-B | B-cut: entailment | B-current: entailment
[55/580] v1.1-row-125-B | B-current: entailment | B-cut: entailment
[56/580] v1.1-row-127-B | B-cut: entailment | B-current: entailment
[57/580] v1.1-row-130-B | B-current: entailment | B-cut: entailment
[58/580] v1.1-row-131-B | B-cut: entailment | B-current: entailment
[59/580] v1.1-row-136-B | B-current: entailment | B-cut: entailment
[60/580] v1.1-row-143-B | B-cut: entailment | B-current: entailment
[61/580] v1.1-row-147-B | B-current: entailment | B-cut: entailment
[62/580] v1.1-row-152-B | B-cut: entailment | B-current: entailment
[63/580] v1.1-row-157-B | B-current: entailment | B-cut: entailment
[64/580] v1.1-row-159-B | B-cut: entailment | B-current: entailment
[65/580] v1.1-row-164-B | B-current: entailment | B-cut: entailment
[66/580] v1.1-row-165-B | B-cut: entailment | B-current: entailment
[67/580] v1.1-row-169-B | B-current: entailment | B-cut: entailment
[68/580] v1.1-row-171-B | B-cut: entailment | B-current: entailment
[69/580] v1.1-row-172-B | B-current: entailment | B-cut: entailment
[70/580] v1.1-row-173-B | B-cut: entailment | B-current: entailment
[71/580] v1.1-row-174-B | B-current: entailment | B-cut: entailment
[72/580] v1.1-row-175-B | B-cut: entailment | B-current: entailment
[73/580] v1.1-row-176-B | B-current: entailment | B-cut: entailment
[74/580] v1.1-row-181-B | B-cut: entailment | B-current: entailment
[75/580] v1.1-row-182-B | B-current: entailment | B-cut: entailment
[76/580] v1.1-row-183-B | B-cut: entailment | B-current: entailment
[77/580] v1.1-row-185-B | B-current: entailment | B-cut: entailment
[78/580] v1.1-row-186-B | B-cut: entailment | B-current: entailment
[79/580] v1.1-row-187-B | B-current: entailment | B-cut: entailment
[80/580] v1.1-row-190-B | B-cut: entailment | B-current: entailment
[81/580] v1.1-row-191-B | B-current: entailment | B-cut: entailment
[82/580] v1.1-row-192-B | B-cut: entailment | B-current: entailment
[83/580] v1.1-row-196-B | B-current: entailment | B-cut: entailment
[84/580] v1.1-row-199-B | B-cut: entailment | B-current: entailment
[85/580] v1.1-row-202-B | B-current: entailment | B-cut: entailment
[86/580] v1.1-row-204-B | B-cut: entailment | B-current: entailment
[87/580] v1.1-row-207-B | B-current: entailment | B-cut: entailment
[88/580] v1.1-row-214-B | B-cut: entailment | B-current: entailment
[89/580] v1.1-row-224-B | B-current: entailment | B-cut: entailment
[90/580] v1.1-row-227-B | B-cut: entailment | B-current: entailment
[91/580] v1.1-row-233-B | B-current: entailment | B-cut: entailment
[92/580] v1.1-row-235-B | B-cut: entailment | B-current: entailment
[93/580] v1.1-row-236-B | B-current: entailment | B-cut: entailment
[94/580] v1.1-row-244-B | B-cut: entailment | B-current: entailment
[95/580] v1.1-row-248-B | B-current: entailment | B-cut: entailment
[96/580] v1.1-row-250-B | B-cut: entailment | B-current: entailment
[97/580] v1.1-row-252-B | B-current: entailment | B-cut: entailment
[98/580] v1.1-row-255-B | B-cut: entailment | B-current: entailment
[99/580] v1.1-row-256-B | B-current: entailment | B-cut: entailment
[100/580] v1.1-row-257-B | B-cut: entailment | B-current: entailment
[101/580] v1.1-row-258-B | B-current: entailment | B-cut: entailment
[102/580] v1.1-row-261-B | B-cut: entailment | B-current: entailment
[103/580] v1.1-row-264-B | B-current: entailment | B-cut: entailment
[104/580] v1.1-row-265-B | B-cut: entailment | B-current: entailment
[105/580] v1.1-row-267-B | B-current: entailment | B-cut: entailment
[106/580] v1.1-row-268-B | B-cut: entailment | B-current: entailment
[107/580] v1.1-row-271-B | B-current: entailment | B-cut: entailment
[108/580] v1.1-row-280-B | B-cut: entailment | B-current: entailment
[109/580] v1.1-row-281-B | B-current: entailment | B-cut: entailment
[110/580] v1.1-row-283-B | B-cut: entailment | B-current: entailment
[111/580] v1.1-row-284-B | B-current: entailment | B-cut: entailment
[112/580] v1.1-row-286-B | B-cut: entailment | B-current: entailment
[113/580] v1.1-row-292-B | B-current: entailment | B-cut: entailment
[114/580] v1.1-row-294-B | B-cut: entailment | B-current: entailment
[115/580] v1.1-row-295-B | B-current: entailment | B-cut: entailment
[116/580] v1.1-row-296-B | B-cut: entailment | B-current: entailment
[117/580] v1.1-row-299-B | B-current: entailment | B-cut: entailment
[118/580] v1.1-row-305-B | B-cut: entailment | B-current: entailment
[119/580] v1.1-row-307-B | B-current: entailment | B-cut: entailment
[120/580] v1.1-row-309-B | B-cut: entailment | B-current: entailment
[121/580] v1.1-row-311-B | B-current: entailment | B-cut: entailment
[122/580] v1.1-row-312-B | B-cut: entailment | B-current: entailment
[123/580] v1.1-row-317-B | B-current: entailment | B-cut: entailment
[124/580] v1.1-row-319-B | B-cut: entailment | B-current: entailment
[125/580] v1.1-row-321-B | B-current: entailment | B-cut: entailment
[126/580] v1.1-row-327-B | B-cut: entailment | B-current: entailment
[127/580] v1.1-row-328-B | B-current: entailment | B-cut: entailment
[128/580] v1.1-row-332-B | B-cut: entailment | B-current: entailment
[129/580] v1.1-row-334-B | B-current: entailment | B-cut: entailment
[130/580] v1.1-row-335-B | B-cut: entailment | B-current: entailment
[131/580] v1.1-row-336-B | B-current: entailment | B-cut: entailment
[132/580] v1.1-row-337-B | B-cut: entailment | B-current: entailment
[133/580] v1.1-row-338-B | B-current: entailment | B-cut: entailment
[134/580] v1.1-row-340-B | B-cut: entailment | B-current: entailment
[135/580] v1.1-row-341-B | B-current: entailment | B-cut: entailment
[136/580] v1.1-row-342-B | B-cut: entailment | B-current: entailment
[137/580] v1.1-row-343-B | B-current: entailment | B-cut: entailment
[138/580] v1.1-row-346-B | B-cut: entailment | B-current: entailment
[139/580] v1.1-row-348-B | B-current: entailment | B-cut: entailment
[140/580] v1.1-row-352-B | B-cut: entailment | B-current: entailment
[141/580] v1.1-row-353-B | B-current: entailment | B-cut: entailment
[142/580] v1.1-row-355-B | B-cut: entailment | B-current: entailment
[143/580] v1.1-row-356-B | B-current: entailment | B-cut: entailment
[144/580] v1.1-row-357-B | B-cut: entailment | B-current: entailment
[145/580] v1.1-row-358-B | B-current: entailment | B-cut: entailment
[146/580] v1.1-row-362-B | B-cut: entailment | B-current: entailment
[147/580] v1.1-row-364-B | B-current: entailment | B-cut: entailment
[148/580] v1.1-row-366-B | B-cut: entailment | B-current: entailment
[149/580] v1.1-row-368-B | B-current: entailment | B-cut: entailment
[150/580] v1.1-row-372-B | B-cut: entailment | B-current: entailment
[151/580] v1.1-row-375-B | B-current: entailment | B-cut: entailment
[152/580] v1.1-row-383-B | B-cut: entailment | B-current: entailment
[153/580] v1.1-row-384-B | B-current: entailment | B-cut: entailment
[154/580] v1.1-row-385-B | B-cut: entailment | B-current: entailment
[155/580] v1.1-row-387-B | B-current: entailment | B-cut: entailment
[156/580] v1.1-row-391-B | B-cut: entailment | B-current: entailment
[157/580] v1.1-row-394-B | B-current: entailment | B-cut: entailment
[158/580] v1.1-row-396-B | B-cut: entailment | B-current: entailment
[159/580] v1.1-row-397-B | B-current: entailment | B-cut: entailment
[160/580] v1.1-row-399-B | B-cut: entailment | B-current: entailment
[161/580] v1.1-row-400-B | B-current: entailment | B-cut: entailment
[162/580] v1.1-row-401-B | B-cut: entailment | B-current: entailment
[163/580] v1.1-row-404-B | B-current: entailment | B-cut: entailment
[164/580] v1.1-row-406-B | B-cut: entailment | B-current: entailment
[165/580] v1.1-row-409-B | B-current: entailment | B-cut: entailment
[166/580] v1.1-row-410-B | B-cut: entailment | B-current: entailment
[167/580] v1.1-row-411-B | B-current: entailment | B-cut: entailment
[168/580] v1.1-row-416-B | B-cut: entailment | B-current: entailment
[169/580] v1.1-row-420-B | B-current: entailment | B-cut: entailment
[170/580] v1.1-row-421-B | B-cut: entailment | B-current: entailment
[171/580] v1.1-row-422-B | B-current: entailment | B-cut: entailment
[172/580] v1.1-row-423-B | B-cut: entailment | B-current: entailment
[173/580] v1.1-row-427-B | B-current: entailment | B-cut: entailment
[174/580] v1.1-row-434-B | B-cut: entailment | B-current: entailment
[175/580] v1.1-row-440-B | B-current: entailment | B-cut: entailment
[176/580] v1.1-row-443-B | B-cut: entailment | B-current: entailment
[177/580] v1.1-row-446-B | B-current: entailment | B-cut: entailment
[178/580] v1.1-row-447-B | B-cut: entailment | B-current: entailment
[179/580] v1.1-row-448-B | B-current: entailment | B-cut: entailment
[180/580] v1.1-row-449-B | B-cut: entailment | B-current: entailment
[181/580] v1.1-row-454-B | B-current: entailment | B-cut: entailment
[182/580] v1.1-row-457-B | B-cut: entailment | B-current: entailment
[183/580] v1.1-row-459-B | B-current: entailment | B-cut: entailment
[184/580] v1.1-row-461-B | B-cut: entailment | B-current: entailment
[185/580] v1.1-row-466-B | B-current: entailment | B-cut: entailment
[186/580] v1.1-row-467-B | B-cut: entailment | B-current: entailment
[187/580] v1.1-row-472-B | B-current: entailment | B-cut: entailment
[188/580] v1.1-row-476-B | B-cut: entailment | B-current: entailment
[189/580] v1.1-row-479-B | B-current: entailment | B-cut: entailment
[190/580] v1.1-row-483-B | B-cut: entailment | B-current: entailment
[191/580] v1.1-row-495-B | B-current: neutral | B-cut: neutral
[192/580] v1.1-row-496-B | B-cut: neutral | B-current: neutral
[193/580] v1.1-row-498-B | B-current: neutral | B-cut: neutral
[194/580] v1.1-row-499-B | B-cut: neutral | B-current: neutral
[195/580] v1.1-row-503-B | B-current: contradiction | B-cut: contradiction
[196/580] v1.1-row-505-B | B-cut: neutral | B-current: neutral
[197/580] v1.1-row-506-B | B-current: neutral | B-cut: neutral
[198/580] v1.1-row-513-B | B-cut: neutral | B-current: neutral
[199/580] v1.1-row-518-B | B-current: neutral | B-cut: neutral
[200/580] v1.1-row-525-B | B-cut: neutral | B-current: neutral
[201/580] v1.1-row-529-B | B-current: neutral | B-cut: neutral
[202/580] v1.1-row-530-B | B-cut: neutral | B-current: neutral
[203/580] v1.1-row-532-B | B-current: neutral | B-cut: neutral
[204/580] v1.1-row-540-B | B-cut: neutral | B-current: neutral
[205/580] v1.1-row-541-B | B-current: neutral | B-cut: neutral
[206/580] v1.1-row-546-B | B-cut: neutral | B-current: neutral
[207/580] v1.1-row-548-B | B-current: neutral | B-cut: neutral
[208/580] v1.1-row-555-B | B-cut: neutral | B-current: neutral
[209/580] v1.1-row-559-B | B-current: neutral | B-cut: neutral
[210/580] v1.1-row-563-B | B-cut: neutral | B-current: neutral
[211/580] v1.1-row-572-B | B-current: neutral | B-cut: neutral
[212/580] v1.1-row-573-B | B-cut: neutral | B-current: neutral
[213/580] v1.1-row-574-B | B-current: neutral | B-cut: neutral
[214/580] v1.1-row-576-B | B-cut: contradiction | B-current: neutral
[215/580] v1.1-row-578-B | B-current: neutral | B-cut: neutral
[216/580] v1.1-row-579-B | B-cut: neutral | B-current: neutral
[217/580] v1.1-row-588-B | B-current: contradiction | B-cut: contradiction
[218/580] v1.1-row-589-B | B-cut: contradiction | B-current: contradiction
[219/580] v1.1-row-591-B | B-current: neutral | B-cut: neutral
[220/580] v1.1-row-596-B | B-cut: neutral | B-current: neutral
[221/580] v1.1-row-597-B | B-current: neutral | B-cut: neutral
[222/580] v1.1-row-599-B | B-cut: neutral | B-current: neutral
[223/580] v1.1-row-602-B | B-current: contradiction | B-cut: contradiction
[224/580] v1.1-row-603-B | B-cut: neutral | B-current: neutral
[225/580] v1.1-row-606-B | B-current: neutral | B-cut: neutral
[226/580] v1.1-row-609-B | B-cut: neutral | B-current: neutral
[227/580] v1.1-row-610-B | B-current: contradiction | B-cut: contradiction
[228/580] v1.1-row-612-B | B-cut: neutral | B-current: neutral
[229/580] v1.1-row-613-B | B-current: neutral | B-cut: neutral
[230/580] v1.1-row-621-B | B-cut: neutral | B-current: neutral
[231/580] v1.1-row-624-B | B-current: neutral | B-cut: neutral
[232/580] v1.1-row-628-B | B-cut: neutral | B-current: neutral
[233/580] v1.1-row-631-B | B-current: neutral | B-cut: neutral
[234/580] v1.1-row-634-B | B-cut: neutral | B-current: neutral
[235/580] v1.1-row-639-B | B-current: neutral | B-cut: neutral
[236/580] v1.1-row-641-B | B-cut: neutral | B-current: neutral
[237/580] v1.1-row-642-B | B-current: neutral | B-cut: neutral
[238/580] v1.1-row-646-B | B-cut: neutral | B-current: neutral
[239/580] v1.1-row-649-B | B-current: neutral | B-cut: neutral
[240/580] v1.1-row-651-B | B-cut: neutral | B-current: neutral
[241/580] v1.1-row-654-B | B-current: neutral | B-cut: neutral (unparseable answer)
[242/580] v1.1-row-658-B | B-cut: neutral | B-current: contradiction
[243/580] v1.1-row-659-B | B-current: neutral | B-cut: neutral
[244/580] v1.1-row-660-B | B-cut: neutral | B-current: neutral
[245/580] v1.1-row-661-B | B-current: neutral | B-cut: neutral
[246/580] v1.1-row-663-B | B-cut: neutral | B-current: neutral
[247/580] v1.1-row-664-B | B-current: neutral | B-cut: neutral
[248/580] v1.1-row-669-B | B-cut: neutral | B-current: neutral
[249/580] v1.1-row-671-B | B-current: neutral | B-cut: neutral
[250/580] v1.1-row-672-B | B-cut: neutral | B-current: neutral
[251/580] v1.1-row-673-B | B-current: neutral | B-cut: neutral
[252/580] v1.1-row-677-B | B-cut: neutral | B-current: neutral
[253/580] v1.1-row-678-B | B-current: neutral | B-cut: neutral
[254/580] v1.1-row-680-B | B-cut: neutral | B-current: neutral
[255/580] v1.1-row-681-B | B-current: neutral | B-cut: neutral
[256/580] v1.1-row-685-B | B-cut: neutral | B-current: neutral
[257/580] v1.1-row-690-B | B-current: neutral | B-cut: neutral
[258/580] v1.1-row-694-B | B-cut: neutral | B-current: neutral
[259/580] v1.1-row-695-B | B-current: neutral | B-cut: neutral
[260/580] v1.1-row-696-B | B-cut: neutral | B-current: contradiction
[261/580] v1.1-row-698-B | B-current: neutral | B-cut: neutral
[262/580] v1.1-row-706-B | B-cut: neutral | B-current: neutral
[263/580] v1.1-row-707-B | B-current: neutral | B-cut: neutral
[264/580] v1.1-row-714-B | B-cut: neutral | B-current: neutral
[265/580] v1.1-row-716-B | B-current: neutral | B-cut: neutral
[266/580] v1.1-row-719-B | B-cut: neutral | B-current: neutral
[267/580] v1.1-row-721-B | B-current: neutral | B-cut: neutral
[268/580] v1.1-row-727-B | B-cut: neutral | B-current: neutral
[269/580] v1.1-row-728-B | B-current: neutral | B-cut: neutral
[270/580] v1.1-row-732-B | B-cut: neutral | B-current: neutral
[271/580] v1.1-row-733-B | B-current: neutral | B-cut: neutral
[272/580] v1.1-row-734-B | B-cut: neutral | B-current: neutral
[273/580] v1.1-row-740-B | B-current: neutral | B-cut: neutral
[274/580] v1.1-row-741-B | B-cut: neutral | B-current: neutral
[275/580] v1.1-row-745-B | B-current: neutral | B-cut: neutral
[276/580] v1.1-row-747-B | B-cut: neutral | B-current: neutral
[277/580] v1.1-row-748-B | B-current: neutral | B-cut: neutral
[278/580] v1.1-row-749-B | B-cut: neutral | B-current: neutral
[279/580] v1.1-row-750-B | B-current: neutral | B-cut: neutral
[280/580] v1.1-row-751-B | B-cut: neutral | B-current: neutral
[281/580] v1.1-row-759-B | B-current: neutral | B-cut: neutral
[282/580] v1.1-row-761-B | B-cut: neutral | B-current: neutral
[283/580] v1.1-row-765-B | B-current: contradiction | B-cut: contradiction
[284/580] v1.1-row-768-B | B-cut: neutral | B-current: neutral
[285/580] v1.1-row-769-B | B-current: neutral | B-cut: neutral
[286/580] v1.1-row-772-B | B-cut: neutral | B-current: neutral
[287/580] v1.1-row-773-B | B-current: contradiction | B-cut: neutral
[288/580] v1.1-row-774-B | B-cut: neutral | B-current: neutral
[289/580] v1.1-row-775-B | B-current: neutral | B-cut: neutral
[290/580] v1.1-row-778-B | B-cut: neutral | B-current: neutral
[291/580] v1.1-row-784-B | B-current: neutral | B-cut: neutral
[292/580] v1.1-row-787-B | B-cut: neutral | B-current: neutral
[293/580] v1.1-row-788-B | B-current: neutral | B-cut: contradiction
[294/580] v1.1-row-792-B | B-cut: neutral | B-current: neutral (unparseable answer)
[295/580] v1.1-row-794-B | B-current: neutral | B-cut: neutral
[296/580] v1.1-row-795-B | B-cut: neutral | B-current: neutral
[297/580] v1.1-row-799-B | B-current: neutral | B-cut: neutral
[298/580] v1.1-row-802-B | B-cut: neutral | B-current: neutral
[299/580] v1.1-row-805-B | B-current: neutral | B-cut: neutral
[300/580] v1.1-row-808-B | B-cut: neutral | B-current: neutral
[301/580] v1.1-row-812-B | B-current: neutral | B-cut: neutral
[302/580] v1.1-row-813-B | B-cut: neutral | B-current: neutral
[303/580] v1.1-row-815-B | B-current: contradiction | B-cut: contradiction
[304/580] v1.1-row-816-B | B-cut: neutral | B-current: neutral
[305/580] v1.1-row-817-B | B-current: neutral | B-cut: neutral
[306/580] v1.1-row-819-B | B-cut: neutral | B-current: neutral
[307/580] v1.1-row-823-B | B-current: neutral | B-cut: neutral
[308/580] v1.1-row-824-B | B-cut: neutral | B-current: neutral
[309/580] v1.1-row-825-B | B-current: neutral | B-cut: neutral
[310/580] v1.1-row-827-B | B-cut: neutral | B-current: neutral
[311/580] v1.1-row-828-B | B-current: neutral | B-cut: neutral
[312/580] v1.1-row-833-B | B-cut: neutral | B-current: neutral
[313/580] v1.1-row-834-B | B-current: neutral | B-cut: neutral
[314/580] v1.1-row-835-B | B-cut: neutral | B-current: neutral
[315/580] v1.1-row-837-B | B-current: neutral | B-cut: neutral
[316/580] v1.1-row-839-B | B-cut: neutral | B-current: neutral
[317/580] v1.1-row-840-B | B-current: neutral | B-cut: neutral
[318/580] v1.1-row-842-B | B-cut: neutral | B-current: neutral
[319/580] v1.1-row-847-B | B-current: neutral | B-cut: neutral
[320/580] v1.1-row-850-B | B-cut: neutral | B-current: neutral
[321/580] v1.1-row-856-B | B-current: contradiction | B-cut: contradiction
[322/580] v1.1-row-857-B | B-cut: neutral | B-current: neutral
[323/580] v1.1-row-859-B | B-current: neutral | B-cut: neutral
[324/580] v1.1-row-862-B | B-cut: neutral | B-current: neutral
[325/580] v1.1-row-864-B | B-current: neutral | B-cut: neutral
[326/580] v1.1-row-868-B | B-cut: neutral | B-current: neutral
[327/580] v1.1-row-873-B | B-current: neutral | B-cut: neutral
[328/580] v1.1-row-877-B | B-cut: neutral | B-current: neutral
[329/580] v1.1-row-878-B | B-current: neutral | B-cut: neutral
[330/580] v1.1-row-881-B | B-cut: neutral | B-current: neutral
[331/580] v1.1-row-882-B | B-current: neutral | B-cut: neutral
[332/580] v1.1-row-890-B | B-cut: neutral | B-current: neutral
[333/580] v1.1-row-892-B | B-current: neutral | B-cut: neutral
[334/580] v1.1-row-893-B | B-cut: neutral | B-current: neutral
[335/580] v1.1-row-895-B | B-current: neutral | B-cut: neutral
[336/580] v1.1-row-910-B | B-cut: neutral | B-current: neutral (unparseable answer)
[337/580] v1.1-row-911-B | B-current: neutral | B-cut: neutral
[338/580] v1.1-row-912-B | B-cut: neutral | B-current: neutral
[339/580] v1.1-row-914-B | B-current: neutral | B-cut: neutral
[340/580] v1.1-row-915-B | B-cut: neutral | B-current: neutral
[341/580] v1.1-row-921-B | B-current: neutral | B-cut: neutral
[342/580] v1.1-row-923-B | B-cut: contradiction | B-current: contradiction
[343/580] v1.1-row-925-B | B-current: neutral | B-cut: neutral
[344/580] v1.1-row-931-B | B-cut: neutral | B-current: neutral
[345/580] v1.1-row-936-B | B-current: neutral | B-cut: neutral
[346/580] v1.1-row-937-B | B-cut: neutral | B-current: neutral
[347/580] v1.1-row-941-B | B-current: contradiction | B-cut: contradiction
[348/580] v1.1-row-943-B | B-cut: neutral | B-current: neutral
[349/580] v1.1-row-945-B | B-current: neutral | B-cut: neutral
[350/580] v1.1-row-950-B | B-cut: neutral | B-current: contradiction
[351/580] v1.1-row-954-B | B-current: neutral | B-cut: neutral
[352/580] v1.1-row-955-B | B-cut: neutral | B-current: neutral
[353/580] v1.1-row-957-B | B-current: neutral | B-cut: neutral
[354/580] v1.1-row-958-B | B-cut: neutral | B-current: neutral
[355/580] v1.1-row-961-B | B-current: neutral | B-cut: neutral
[356/580] v1.1-row-963-B | B-cut: neutral | B-current: neutral
[357/580] v1.1-row-967-B | B-current: neutral | B-cut: neutral
[358/580] v1.1-row-971-B | B-cut: neutral | B-current: neutral
[359/580] v1.1-row-973-B | B-current: neutral | B-cut: neutral
[360/580] v1.1-row-974-B | B-cut: neutral | B-current: neutral
[361/580] v1.1-row-975-B | B-current: neutral | B-cut: neutral
[362/580] v1.1-row-976-B | B-cut: neutral | B-current: neutral
[363/580] v1.1-row-978-B | B-current: neutral | B-cut: neutral
[364/580] v1.1-row-979-B | B-cut: neutral | B-current: neutral
[365/580] v1.1-row-983-B | B-current: contradiction | B-cut: contradiction
[366/580] v1.1-row-984-B | B-cut: neutral | B-current: neutral
[367/580] v1.1-row-987-B | B-current: neutral | B-cut: neutral
[368/580] v1.1-row-991-B | B-cut: contradiction | B-current: contradiction
[369/580] v1.1-row-992-B | B-current: contradiction | B-cut: contradiction
[370/580] v1.1-row-993-B | B-cut: contradiction | B-current: contradiction
[371/580] v1.1-row-995-B | B-current: contradiction | B-cut: contradiction
[372/580] v1.1-row-996-B | B-cut: contradiction | B-current: contradiction
[373/580] v1.1-row-997-B | B-current: contradiction | B-cut: contradiction
[374/580] v1.1-row-998-B | B-cut: contradiction | B-current: contradiction
[375/580] v1.1-row-999-B | B-current: contradiction | B-cut: contradiction
[376/580] v1.1-row-1001-B | B-cut: contradiction | B-current: contradiction
[377/580] v1.1-row-1002-B | B-current: contradiction | B-cut: contradiction
[378/580] v1.1-row-1004-B | B-cut: contradiction | B-current: contradiction
[379/580] v1.1-row-1005-B | B-current: contradiction | B-cut: contradiction
[380/580] v1.1-row-1006-B | B-cut: contradiction | B-current: contradiction
[381/580] v1.1-row-1007-B | B-current: contradiction | B-cut: contradiction
[382/580] v1.1-row-1008-B | B-cut: contradiction | B-current: contradiction
[383/580] v1.1-row-1009-B | B-current: contradiction | B-cut: contradiction
[384/580] v1.1-row-1010-B | B-cut: contradiction | B-current: contradiction
[385/580] v1.1-row-1013-B | B-current: contradiction | B-cut: contradiction
[386/580] v1.1-row-1017-B | B-cut: contradiction | B-current: contradiction
[387/580] v1.1-row-1018-B | B-current: contradiction | B-cut: contradiction
[388/580] v1.1-row-1019-B | B-cut: contradiction | B-current: contradiction
[389/580] v1.1-row-1025-B | B-current: contradiction | B-cut: contradiction
[390/580] v1.1-row-1029-B | B-cut: contradiction | B-current: contradiction
[391/580] v1.1-row-1030-B | B-current: contradiction | B-cut: contradiction
[392/580] v1.1-row-1032-B | B-cut: contradiction | B-current: contradiction
[393/580] v1.1-row-1035-B | B-current: contradiction | B-cut: contradiction
[394/580] v1.1-row-1036-B | B-cut: entailment | B-current: entailment
[395/580] v1.1-row-1041-B | B-current: contradiction | B-cut: contradiction
[396/580] v1.1-row-1047-B | B-cut: contradiction | B-current: contradiction
[397/580] v1.1-row-1053-B | B-current: contradiction | B-cut: contradiction
[398/580] v1.1-row-1055-B | B-cut: contradiction | B-current: contradiction
[399/580] v1.1-row-1057-B | B-current: contradiction | B-cut: contradiction
[400/580] v1.1-row-1060-B | B-cut: contradiction | B-current: contradiction
[401/580] v1.1-row-1062-B | B-current: contradiction | B-cut: contradiction
[402/580] v1.1-row-1065-B | B-cut: contradiction | B-current: contradiction
[403/580] v1.1-row-1066-B | B-current: contradiction | B-cut: contradiction
[404/580] v1.1-row-1071-B | B-cut: contradiction | B-current: contradiction
[405/580] v1.1-row-1075-B | B-current: contradiction | B-cut: contradiction
[406/580] v1.1-row-1076-B | B-cut: contradiction | B-current: contradiction
[407/580] v1.1-row-1081-B | B-current: contradiction | B-cut: contradiction
[408/580] v1.1-row-1082-B | B-cut: contradiction | B-current: contradiction
[409/580] v1.1-row-1086-B | B-current: contradiction | B-cut: contradiction
[410/580] v1.1-row-1090-B | B-cut: contradiction | B-current: contradiction
[411/580] v1.1-row-1096-B | B-current: contradiction | B-cut: contradiction
[412/580] v1.1-row-1097-B | B-cut: contradiction | B-current: contradiction
[413/580] v1.1-row-1101-B | B-current: contradiction | B-cut: contradiction
[414/580] v1.1-row-1104-B | B-cut: contradiction | B-current: contradiction
[415/580] v1.1-row-1106-B | B-current: contradiction | B-cut: contradiction
[416/580] v1.1-row-1107-B | B-cut: contradiction | B-current: contradiction
[417/580] v1.1-row-1108-B | B-current: contradiction | B-cut: contradiction
[418/580] v1.1-row-1109-B | B-cut: contradiction | B-current: contradiction
[419/580] v1.1-row-1112-B | B-current: contradiction | B-cut: contradiction
[420/580] v1.1-row-1113-B | B-cut: contradiction | B-current: contradiction
[421/580] v1.1-row-1124-B | B-current: contradiction | B-cut: contradiction
[422/580] v1.1-row-1127-B | B-cut: contradiction | B-current: contradiction
[423/580] v1.1-row-1129-B | B-current: contradiction | B-cut: contradiction
[424/580] v1.1-row-1131-B | B-cut: contradiction | B-current: contradiction
[425/580] v1.1-row-1132-B | B-current: contradiction | B-cut: contradiction
[426/580] v1.1-row-1134-B | B-cut: contradiction | B-current: contradiction
[427/580] v1.1-row-1136-B | B-current: contradiction | B-cut: contradiction
[428/580] v1.1-row-1137-B | B-cut: contradiction | B-current: contradiction
[429/580] v1.1-row-1142-B | B-current: contradiction | B-cut: contradiction
[430/580] v1.1-row-1146-B | B-cut: contradiction | B-current: contradiction
[431/580] v1.1-row-1147-B | B-current: contradiction | B-cut: contradiction
[432/580] v1.1-row-1149-B | B-cut: contradiction | B-current: contradiction
[433/580] v1.1-row-1151-B | B-current: entailment | B-cut: entailment
[434/580] v1.1-row-1156-B | B-cut: contradiction | B-current: contradiction
[435/580] v1.1-row-1157-B | B-current: contradiction | B-cut: contradiction
[436/580] v1.1-row-1158-B | B-cut: contradiction | B-current: contradiction
[437/580] v1.1-row-1159-B | B-current: contradiction | B-cut: contradiction
[438/580] v1.1-row-1162-B | B-cut: contradiction | B-current: contradiction
[439/580] v1.1-row-1164-B | B-current: contradiction | B-cut: contradiction
[440/580] v1.1-row-1165-B | B-cut: contradiction | B-current: contradiction
[441/580] v1.1-row-1168-B | B-current: contradiction | B-cut: contradiction
[442/580] v1.1-row-1170-B | B-cut: contradiction | B-current: contradiction
[443/580] v1.1-row-1171-B | B-current: contradiction | B-cut: contradiction
[444/580] v1.1-row-1172-B | B-cut: contradiction | B-current: contradiction
[445/580] v1.1-row-1173-B | B-current: contradiction | B-cut: contradiction
[446/580] v1.1-row-1174-B | B-cut: entailment | B-current: entailment
[447/580] v1.1-row-1175-B | B-current: entailment | B-cut: entailment
[448/580] v1.1-row-1178-B | B-cut: contradiction | B-current: contradiction
[449/580] v1.1-row-1181-B | B-current: contradiction | B-cut: contradiction
[450/580] v1.1-row-1184-B | B-cut: contradiction | B-current: contradiction
[451/580] v1.1-row-1187-B | B-current: contradiction | B-cut: contradiction
[452/580] v1.1-row-1188-B | B-cut: contradiction | B-current: contradiction
[453/580] v1.1-row-1192-B | B-current: contradiction | B-cut: contradiction
[454/580] v1.1-row-1197-B | B-cut: contradiction | B-current: contradiction
[455/580] v1.1-row-1200-B | B-current: contradiction | B-cut: contradiction
[456/580] v1.1-row-1210-B | B-cut: contradiction | B-current: contradiction
[457/580] v1.1-row-1211-B | B-current: contradiction | B-cut: contradiction
[458/580] v1.1-row-1213-B | B-cut: contradiction | B-current: contradiction
[459/580] v1.1-row-1214-B | B-current: contradiction | B-cut: contradiction
[460/580] v1.1-row-1215-B | B-cut: contradiction | B-current: contradiction
[461/580] v1.1-row-1218-B | B-current: contradiction | B-cut: contradiction
[462/580] v1.1-row-1221-B | B-cut: contradiction | B-current: contradiction
[463/580] v1.1-row-1226-B | B-current: contradiction | B-cut: contradiction
[464/580] v1.1-row-1227-B | B-cut: contradiction | B-current: contradiction
[465/580] v1.1-row-1228-B | B-current: contradiction | B-cut: contradiction
[466/580] v1.1-row-1232-B | B-cut: contradiction | B-current: contradiction
[467/580] v1.1-row-1233-B | B-current: contradiction | B-cut: contradiction
[468/580] v1.1-row-1235-B | B-cut: contradiction | B-current: contradiction
[469/580] v1.1-row-1237-B | B-current: contradiction | B-cut: contradiction
[470/580] v1.1-row-1239-B | B-cut: contradiction | B-current: contradiction
[471/580] v1.1-row-1240-B | B-current: contradiction | B-cut: contradiction
[472/580] v1.1-row-1241-B | B-cut: contradiction | B-current: contradiction
[473/580] v1.1-row-1244-B | B-current: contradiction | B-cut: contradiction
[474/580] v1.1-row-1245-B | B-cut: contradiction | B-current: contradiction
[475/580] v1.1-row-1249-B | B-current: contradiction | B-cut: contradiction
[476/580] v1.1-row-1250-B | B-cut: contradiction | B-current: contradiction
[477/580] v1.1-row-1254-B | B-current: contradiction | B-cut: contradiction
[478/580] v1.1-row-1255-B | B-cut: contradiction | B-current: contradiction
[479/580] v1.1-row-1256-B | B-current: contradiction | B-cut: contradiction
[480/580] v1.1-row-1257-B | B-cut: contradiction | B-current: contradiction
[481/580] v1.1-row-1259-B | B-current: contradiction | B-cut: contradiction
[482/580] v1.1-row-1260-B | B-cut: contradiction | B-current: contradiction
[483/580] v1.1-row-1269-B | B-current: contradiction | B-cut: contradiction
[484/580] v1.1-row-1270-B | B-cut: contradiction | B-current: contradiction
[485/580] v1.1-row-1272-B | B-current: contradiction | B-cut: contradiction
[486/580] v1.1-row-1273-B | B-cut: contradiction | B-current: contradiction
[487/580] v1.1-row-1274-B | B-current: contradiction | B-cut: contradiction
[488/580] v1.1-row-1275-B | B-cut: contradiction | B-current: contradiction
[489/580] v1.1-row-1286-B | B-current: contradiction | B-cut: contradiction
[490/580] v1.1-row-1287-B | B-cut: contradiction | B-current: contradiction
[491/580] v1.1-row-1288-B | B-current: contradiction | B-cut: contradiction
[492/580] v1.1-row-1289-B | B-cut: contradiction | B-current: contradiction
[493/580] v1.1-row-1290-B | B-current: contradiction | B-cut: contradiction
[494/580] v1.1-row-1294-B | B-cut: contradiction | B-current: contradiction
[495/580] v1.1-row-1296-B | B-current: contradiction | B-cut: contradiction
[496/580] v1.1-row-1299-B | B-cut: contradiction | B-current: contradiction
[497/580] v1.1-row-1300-B | B-current: contradiction | B-cut: contradiction
[498/580] v1.1-row-1305-B | B-cut: contradiction | B-current: contradiction
[499/580] v1.1-row-1309-B | B-current: contradiction | B-cut: contradiction
[500/580] v1.1-row-1312-B | B-cut: entailment | B-current: entailment
[501/580] v1.1-row-1313-B | B-current: contradiction | B-cut: contradiction
[502/580] v1.1-row-1316-B | B-cut: contradiction | B-current: contradiction
[503/580] v1.1-row-1317-B | B-current: contradiction | B-cut: contradiction
[504/580] v1.1-row-1318-B | B-cut: contradiction | B-current: contradiction
[505/580] v1.1-row-1319-B | B-current: contradiction | B-cut: contradiction
[506/580] v1.1-row-1321-B | B-cut: contradiction | B-current: contradiction
[507/580] v1.1-row-1322-B | B-current: contradiction | B-cut: contradiction
[508/580] v1.1-row-1323-B | B-cut: contradiction | B-current: contradiction
[509/580] v1.1-row-1325-B | B-current: contradiction | B-cut: contradiction
[510/580] v1.1-row-1327-B | B-cut: contradiction | B-current: contradiction
[511/580] v1.1-row-1333-B | B-current: contradiction | B-cut: contradiction
[512/580] v1.1-row-1334-B | B-cut: contradiction | B-current: contradiction
[513/580] v1.1-row-1337-B | B-current: contradiction | B-cut: contradiction
[514/580] v1.1-row-1338-B | B-cut: contradiction | B-current: contradiction
[515/580] v1.1-row-1340-B | B-current: contradiction | B-cut: contradiction
[516/580] v1.1-row-1347-B | B-cut: contradiction | B-current: contradiction
resume 18:56:48
580 cases, 0 booklets parsed; arms: ['B-current', 'B-cut']
[517/580] v1.1-row-1349-B | B-cut: contradiction
[518/580] v1.1-row-1351-B | B-cut: contradiction | B-current: contradiction
[519/580] v1.1-row-1352-B | B-current: contradiction | B-cut: contradiction
[520/580] v1.1-row-1354-B | B-cut: contradiction | B-current: contradiction
[521/580] v1.1-row-1356-B | B-current: contradiction | B-cut: contradiction
[522/580] v1.1-row-1358-B | B-cut: contradiction | B-current: contradiction
[523/580] v1.1-row-1360-B | B-current: contradiction | B-cut: contradiction
[524/580] v1.1-row-1366-B | B-cut: contradiction | B-current: contradiction
[525/580] v1.1-row-1368-B | B-current: contradiction | B-cut: contradiction
[526/580] v1.1-row-1372-B | B-cut: contradiction | B-current: contradiction
[527/580] v1.1-row-1382-B | B-current: contradiction | B-cut: contradiction
[528/580] v1.1-row-1385-B | B-cut: contradiction | B-current: contradiction
[529/580] v1.1-row-1387-B | B-current: contradiction | B-cut: contradiction
[530/580] v1.1-row-1389-B | B-cut: contradiction | B-current: contradiction
[531/580] v1.1-row-1392-B | B-current: contradiction | B-cut: contradiction
[532/580] v1.1-row-1393-B | B-cut: contradiction | B-current: contradiction
[533/580] v1.1-row-1399-B | B-current: contradiction | B-cut: contradiction
[534/580] v1.1-row-1401-B | B-cut: contradiction | B-current: contradiction
[535/580] v1.1-row-1404-B | B-current: neutral | B-cut: neutral
[536/580] v1.1-row-1405-B | B-cut: contradiction | B-current: contradiction
[537/580] v1.1-row-1406-B | B-current: contradiction | B-cut: contradiction
[538/580] v1.1-row-1409-B | B-cut: contradiction | B-current: contradiction
[539/580] v1.1-row-1410-B | B-current: contradiction | B-cut: contradiction
[540/580] v1.1-row-1411-B | B-cut: contradiction | B-current: contradiction
[541/580] v1.1-row-1412-B | B-current: contradiction | B-cut: contradiction
[542/580] v1.1-row-1413-B | B-cut: contradiction | B-current: contradiction
[543/580] v1.1-row-1414-B | B-current: contradiction | B-cut: contradiction
[544/580] v1.1-row-1417-B | B-cut: contradiction | B-current: contradiction
[545/580] v1.1-row-1418-B | B-current: contradiction | B-cut: contradiction
[546/580] v1.1-row-1423-B | B-cut: contradiction | B-current: contradiction
[547/580] v1.1-row-1425-B | B-current: contradiction | B-cut: contradiction
[548/580] v1.1-row-1426-B | B-cut: contradiction | B-current: contradiction
[549/580] v1.1-row-1428-B | B-current: contradiction | B-cut: contradiction
[550/580] v1.1-row-1429-B | B-cut: contradiction | B-current: contradiction
[551/580] v1.1-row-1430-B | B-current: contradiction | B-cut: contradiction
[552/580] v1.1-row-1431-B | B-cut: contradiction | B-current: contradiction
[553/580] v1.1-row-1432-B | B-current: contradiction | B-cut: contradiction
[554/580] v1.1-row-1433-B | B-cut: contradiction | B-current: contradiction
[555/580] v1.1-row-1440-B | B-current: contradiction | B-cut: contradiction
[556/580] v1.1-row-1441-B | B-cut: contradiction | B-current: contradiction
[557/580] v1.1-row-1445-B | B-current: contradiction | B-cut: contradiction
[558/580] v1.1-row-1447-B | B-cut: contradiction | B-current: contradiction
[559/580] v1.1-row-1452-B | B-current: contradiction | B-cut: contradiction
[560/580] v1.1-row-1454-B | B-cut: contradiction | B-current: contradiction
[561/580] v1.1-row-1455-B | B-current: contradiction | B-cut: contradiction
[562/580] v1.1-row-1457-B | B-cut: neutral | B-current: neutral
[563/580] v1.1-row-1458-B | B-current: contradiction | B-cut: contradiction
[564/580] v1.1-row-1460-B | B-cut: contradiction | B-current: contradiction
[565/580] v1.1-row-1462-B | B-current: contradiction | B-cut: contradiction
[566/580] v1.1-row-1463-B | B-cut: contradiction | B-current: contradiction
[567/580] v1.1-row-1465-B | B-current: contradiction | B-cut: contradiction
[568/580] v1.1-row-1466-B | B-cut: contradiction | B-current: contradiction
[569/580] v1.1-row-1467-B | B-current: contradiction | B-cut: contradiction
[570/580] v1.1-row-1469-B | B-cut: contradiction | B-current: contradiction
[571/580] v1.1-row-1471-B | B-current: contradiction | B-cut: contradiction
[572/580] v1.1-row-1473-B | B-cut: contradiction | B-current: contradiction
[573/580] v1.1-row-1475-B | B-current: contradiction | B-cut: contradiction
[574/580] v1.1-row-1476-B | B-cut: contradiction | B-current: contradiction
[575/580] v1.1-row-1479-B | B-current: contradiction | B-cut: contradiction
[576/580] v1.1-row-1480-B | B-cut: contradiction | B-current: contradiction
[577/580] v1.1-row-1482-B | B-current: contradiction | B-cut: contradiction
[578/580] v1.1-row-1483-B | B-cut: contradiction | B-current: contradiction
[579/580] v1.1-row-1485-B | B-current: contradiction | B-cut: contradiction
[580/580] v1.1-row-1486-B | B-cut: contradiction | B-current: contradiction
B-current: ok: 578, resumed: earlier failure: 2; HTTP 429 answers: 0, retries: 0
B-cut: ok: 579, resumed: earlier failure: 1; HTTP 429 answers: 0, retries: 0
