580 cases, 45 booklets parsed; arms: ['A-current', 'L1', 'L2']
[1/580] v1.1-row-0-A | A-current: entailment | L1: entailment | L2: entailment
[2/580] v1.1-row-1-A | L1: entailment | L2: entailment | A-current: entailment
[3/580] v1.1-row-3-A | L2: entailment | A-current: entailment | L1: entailment
[4/580] v1.1-row-7-A | A-current: entailment | L1: entailment | L2: entailment
[5/580] v1.1-row-10-A | L1: entailment | L2: entailment | A-current: entailment
[6/580] v1.1-row-11-A | L2: entailment | A-current: entailment | L1: entailment
[7/580] v1.1-row-12-A | A-current: entailment | L1: entailment | L2: entailment
[8/580] v1.1-row-13-A | L1: entailment | L2: entailment | A-current: entailment
[9/580] v1.1-row-15-A | L2: entailment | A-current: entailment | L1: entailment
[10/580] v1.1-row-17-A | A-current: entailment | L1: contradiction | L2: entailment
[11/580] v1.1-row-19-A | L1: entailment | L2: entailment | A-current: entailment
[12/580] v1.1-row-24-A | L2: entailment | A-current: entailment | L1: entailment
[13/580] v1.1-row-25-A | A-current: entailment | L1: entailment | L2: entailment
[14/580] v1.1-row-29-A | L1: entailment | L2: entailment | A-current: entailment
[15/580] v1.1-row-32-A | L2: entailment | A-current: entailment | L1: entailment
[16/580] v1.1-row-37-A | A-current: entailment | L1: entailment | L2: entailment
[17/580] v1.1-row-43-A | L1: entailment | L2: entailment | A-current: entailment
[18/580] v1.1-row-44-A | L2: entailment | A-current: entailment | L1: entailment
[19/580] v1.1-row-45-A | A-current: entailment | L1: entailment | L2: entailment
[20/580] v1.1-row-52-A | L1: entailment | L2: entailment | A-current: entailment
[21/580] v1.1-row-54-A | L2: entailment | A-current: entailment | L1: entailment
[22/580] v1.1-row-55-A | A-current: entailment | L1: entailment | L2: entailment
[23/580] v1.1-row-56-A | L1: entailment | L2: entailment | A-current: entailment
[24/580] v1.1-row-61-A | L2: entailment | A-current: entailment | L1: entailment
[25/580] v1.1-row-63-A | A-current: entailment | L1: entailment | L2: entailment
[26/580] v1.1-row-65-A | L1: entailment | L2: entailment | A-current: entailment
[27/580] v1.1-row-69-A | L2: entailment | A-current: entailment | L1: entailment
[28/580] v1.1-row-71-A | A-current: entailment | L1: entailment | L2: entailment
[29/580] v1.1-row-78-A | L1: entailment | L2: entailment | A-current: entailment
[30/580] v1.1-row-81-A | L2: entailment | A-current: entailment | L1: entailment
[31/580] v1.1-row-82-A | A-current: entailment | L1: entailment | L2: entailment
[32/580] v1.1-row-83-A | L1: entailment | L2: entailment | A-current: entailment
[33/580] v1.1-row-87-A | L2: entailment | A-current: entailment | L1: entailment
[34/580] v1.1-row-88-A | A-current: entailment | L1: entailment | L2: entailment
[35/580] v1.1-row-89-A | L1: entailment | L2: entailment | A-current: entailment
[36/580] v1.1-row-90-A | L2: entailment | A-current: entailment | L1: entailment
[37/580] v1.1-row-92-A | A-current: entailment | L1: entailment | L2: entailment
[38/580] v1.1-row-97-A | L1: entailment | L2: entailment | A-current: entailment
[39/580] v1.1-row-98-A | L2: entailment | A-current: entailment | L1: entailment
[40/580] v1.1-row-99-A | A-current: entailment | L1: entailment | L2: entailment
[41/580] v1.1-row-101-A | L1: entailment | L2: entailment | A-current: entailment
[42/580] v1.1-row-103-A | L2: entailment | A-current: entailment | L1: entailment
[43/580] v1.1-row-104-A | A-current: entailment | L1: entailment | L2: entailment
[44/580] v1.1-row-105-A | L1: entailment | L2: entailment | A-current: entailment
[45/580] v1.1-row-106-A | L2: entailment | A-current: entailment | L1: entailment
[46/580] v1.1-row-107-A | A-current: entailment | L1: entailment | L2: entailment
[47/580] v1.1-row-110-A | L1: entailment | L2: entailment | A-current: entailment
[48/580] v1.1-row-113-A | L2: entailment | A-current: entailment | L1: entailment
[49/580] v1.1-row-114-A | A-current: entailment | L1: entailment | L2: entailment
[50/580] v1.1-row-117-A | L1: entailment | L2: entailment | A-current: entailment
[51/580] v1.1-row-118-A | L2: entailment | A-current: entailment | L1: entailment
[52/580] v1.1-row-119-A | A-current: entailment | L1: entailment | L2: entailment
[53/580] v1.1-row-121-A | L1: entailment | L2: entailment | A-current: entailment
[54/580] v1.1-row-122-A | L2: entailment | A-current: entailment | L1: entailment
[55/580] v1.1-row-125-A | A-current: entailment | L1: entailment | L2: entailment
[56/580] v1.1-row-127-A | L1: entailment | L2: entailment | A-current: entailment
[57/580] v1.1-row-130-A | L2: entailment | A-current: entailment | L1: entailment
[58/580] v1.1-row-131-A | A-current: entailment | L1: entailment | L2: entailment
[59/580] v1.1-row-136-A | L1: entailment | L2: entailment | A-current: entailment
[60/580] v1.1-row-143-A | L2: entailment | A-current: entailment | L1: entailment
[61/580] v1.1-row-147-A | A-current: entailment | L1: entailment | L2: entailment
[62/580] v1.1-row-152-A | L1: entailment | L2: entailment | A-current: entailment
[63/580] v1.1-row-157-A | L2: entailment | A-current: entailment | L1: entailment
[64/580] v1.1-row-159-A | A-current: entailment | L1: entailment | L2: entailment
[65/580] v1.1-row-164-A | L1: entailment | L2: entailment | A-current: entailment
[66/580] v1.1-row-165-A | L2: entailment | A-current: entailment | L1: entailment
[67/580] v1.1-row-169-A | A-current: entailment | L1: entailment | L2: entailment
[68/580] v1.1-row-171-A | L1: entailment | L2: entailment | A-current: entailment
[69/580] v1.1-row-172-A | L2: entailment | A-current: entailment | L1: entailment
[70/580] v1.1-row-173-A | A-current: entailment | L1: entailment | L2: entailment
[71/580] v1.1-row-174-A | L1: entailment | L2: entailment | A-current: entailment
[72/580] v1.1-row-175-A | L2: entailment | A-current: entailment | L1: entailment
[73/580] v1.1-row-176-A | A-current: entailment | L1: entailment | L2: entailment
[74/580] v1.1-row-181-A | L1: entailment | L2: entailment | A-current: entailment
[75/580] v1.1-row-182-A | L2: entailment | A-current: entailment | L1: entailment
[76/580] v1.1-row-183-A | A-current: entailment | L1: entailment | L2: entailment
[77/580] v1.1-row-185-A | L1: entailment | L2: entailment | A-current: entailment
[78/580] v1.1-row-186-A | L2: contradiction | A-current: contradiction | L1: contradiction
[79/580] v1.1-row-187-A | A-current: entailment | L1: entailment | L2: entailment
[80/580] v1.1-row-190-A | L1: entailment | L2: entailment | A-current: entailment
[81/580] v1.1-row-191-A | L2: entailment | A-current: entailment | L1: entailment
[82/580] v1.1-row-192-A | A-current: entailment | L1: entailment | L2: entailment
[83/580] v1.1-row-196-A | L1: entailment | L2: entailment | A-current: entailment
[84/580] v1.1-row-199-A | L2: entailment | A-current: entailment | L1: entailment
[85/580] v1.1-row-202-A | A-current: entailment | L1: entailment | L2: entailment
[86/580] v1.1-row-204-A | L1: entailment | L2: entailment | A-current: entailment
[87/580] v1.1-row-207-A | L2: entailment | A-current: entailment | L1: entailment
[88/580] v1.1-row-214-A | A-current: entailment | L1: entailment | L2: entailment
[89/580] v1.1-row-224-A | L1: entailment | L2: entailment | A-current: entailment
[90/580] v1.1-row-227-A | L2: entailment | A-current: entailment | L1: entailment
[91/580] v1.1-row-233-A | A-current: entailment | L1: entailment | L2: entailment
[92/580] v1.1-row-235-A | L1: neutral | L2: neutral | A-current: neutral
[93/580] v1.1-row-236-A | L2: entailment | A-current: entailment | L1: entailment
[94/580] v1.1-row-244-A | A-current: entailment | L1: entailment | L2: entailment
[95/580] v1.1-row-248-A | L1: entailment | L2: entailment | A-current: entailment
[96/580] v1.1-row-250-A | L2: entailment | A-current: entailment | L1: entailment
[97/580] v1.1-row-252-A | A-current: entailment | L1: entailment | L2: entailment
[98/580] v1.1-row-255-A | L1: entailment | L2: entailment | A-current: entailment
[99/580] v1.1-row-256-A | L2: entailment | A-current: entailment | L1: entailment
[100/580] v1.1-row-257-A | A-current: entailment | L1: entailment | L2: entailment
[101/580] v1.1-row-258-A | L1: entailment | L2: entailment | A-current: entailment
[102/580] v1.1-row-261-A | L2: entailment | A-current: entailment | L1: entailment
[103/580] v1.1-row-264-A | A-current: entailment | L1: entailment | L2: entailment
[104/580] v1.1-row-265-A | L1: entailment | L2: entailment | A-current: entailment
[105/580] v1.1-row-267-A | L2: entailment | A-current: entailment | L1: entailment
[106/580] v1.1-row-268-A | A-current: entailment | L1: entailment | L2: entailment
[107/580] v1.1-row-271-A | L1: entailment | L2: entailment | A-current: entailment
[108/580] v1.1-row-280-A | L2: entailment | A-current: entailment | L1: entailment
[109/580] v1.1-row-281-A | A-current: entailment | L1: entailment | L2: entailment
[110/580] v1.1-row-283-A | L1: entailment | L2: entailment | A-current: entailment
[111/580] v1.1-row-284-A | L2: entailment | A-current: entailment | L1: entailment
[112/580] v1.1-row-286-A | A-current: entailment | L1: entailment | L2: entailment
[113/580] v1.1-row-292-A | L1: entailment | L2: entailment | A-current: entailment
[114/580] v1.1-row-294-A | L2: entailment | A-current: entailment | L1: entailment
[115/580] v1.1-row-295-A | A-current: entailment | L1: entailment | L2: entailment
[116/580] v1.1-row-296-A | L1: entailment | L2: entailment | A-current: entailment
[117/580] v1.1-row-299-A | L2: entailment | A-current: entailment | L1: entailment
[118/580] v1.1-row-305-A | A-current: entailment | L1: entailment | L2: entailment
[119/580] v1.1-row-307-A | L1: entailment | L2: entailment | A-current: entailment
[120/580] v1.1-row-309-A | L2: entailment | A-current: entailment | L1: entailment
[121/580] v1.1-row-311-A | A-current: entailment | L1: entailment | L2: entailment
[122/580] v1.1-row-312-A | L1: entailment | L2: entailment | A-current: entailment
[123/580] v1.1-row-317-A | L2: entailment | A-current: entailment | L1: entailment
[124/580] v1.1-row-319-A | A-current: entailment | L1: entailment | L2: entailment
[125/580] v1.1-row-321-A | L1: entailment | L2: entailment | A-current: entailment
[126/580] v1.1-row-327-A | L2: entailment | A-current: entailment | L1: entailment
[127/580] v1.1-row-328-A | A-current: entailment | L1: entailment | L2: entailment
[128/580] v1.1-row-332-A | L1: entailment | L2: entailment | A-current: entailment
[129/580] v1.1-row-334-A | L2: entailment | A-current: entailment | L1: entailment
[130/580] v1.1-row-335-A | A-current: entailment | L1: entailment | L2: entailment
[131/580] v1.1-row-336-A | L1: entailment | L2: entailment | A-current: entailment
[132/580] v1.1-row-337-A | L2: entailment | A-current: entailment | L1: entailment
[133/580] v1.1-row-338-A | A-current: entailment | L1: entailment | L2: entailment
[134/580] v1.1-row-340-A | L1: entailment | L2: entailment | A-current: entailment
[135/580] v1.1-row-341-A | L2: neutral | A-current: neutral | L1: neutral
[136/580] v1.1-row-342-A | A-current: entailment | L1: entailment | L2: entailment
[137/580] v1.1-row-343-A | L1: entailment | L2: entailment | A-current: entailment
[138/580] v1.1-row-346-A | L2: entailment | A-current: entailment | L1: entailment
[139/580] v1.1-row-348-A | A-current: entailment | L1: entailment | L2: entailment
[140/580] v1.1-row-352-A | L1: entailment | L2: entailment | A-current: entailment
[141/580] v1.1-row-353-A | L2: entailment | A-current: entailment | L1: entailment
[142/580] v1.1-row-355-A | A-current: entailment | L1: entailment | L2: entailment
[143/580] v1.1-row-356-A | L1: entailment | L2: entailment | A-current: entailment
[144/580] v1.1-row-357-A | L2: entailment | A-current: entailment | L1: entailment
[145/580] v1.1-row-358-A | A-current: entailment | L1: entailment | L2: entailment
[146/580] v1.1-row-362-A | L1: entailment | L2: entailment | A-current: entailment
[147/580] v1.1-row-364-A | L2: entailment | A-current: entailment | L1: entailment
[148/580] v1.1-row-366-A | A-current: entailment | L1: entailment | L2: entailment
[149/580] v1.1-row-368-A | L1: entailment | L2: entailment | A-current: entailment
[150/580] v1.1-row-372-A | L2: entailment | A-current: entailment | L1: entailment
[151/580] v1.1-row-375-A | A-current: entailment | L1: entailment | L2: entailment
[152/580] v1.1-row-383-A | L1: entailment | L2: entailment | A-current: entailment
[153/580] v1.1-row-384-A | L2: entailment | A-current: entailment | L1: entailment
[154/580] v1.1-row-385-A | A-current: entailment | L1: entailment | L2: entailment
[155/580] v1.1-row-387-A | L1: entailment | L2: entailment | A-current: entailment
[156/580] v1.1-row-391-A | L2: entailment | A-current: entailment | L1: entailment
[157/580] v1.1-row-394-A | A-current: entailment | L1: entailment | L2: entailment
[158/580] v1.1-row-396-A | L1: entailment | L2: entailment | A-current: entailment
[159/580] v1.1-row-397-A | L2: entailment | A-current: entailment | L1: entailment
[160/580] v1.1-row-399-A | A-current: entailment | L1: entailment | L2: entailment
[161/580] v1.1-row-400-A | L1: entailment | L2: entailment | A-current: entailment
[162/580] v1.1-row-401-A | L2: entailment | A-current: entailment | L1: entailment
[163/580] v1.1-row-404-A | A-current: entailment | L1: entailment | L2: entailment
[164/580] v1.1-row-406-A | L1: entailment | L2: entailment | A-current: entailment
[165/580] v1.1-row-409-A | L2: entailment | A-current: entailment | L1: entailment
[166/580] v1.1-row-410-A | A-current: entailment | L1: entailment | L2: entailment
[167/580] v1.1-row-411-A | L1: entailment | L2: entailment | A-current: entailment
[168/580] v1.1-row-416-A | L2: entailment | A-current: entailment | L1: entailment
[169/580] v1.1-row-420-A | A-current: entailment | L1: entailment | L2: entailment
[170/580] v1.1-row-421-A | L1: entailment | L2: entailment | A-current: entailment
[171/580] v1.1-row-422-A | L2: entailment | A-current: entailment | L1: entailment
[172/580] v1.1-row-423-A | A-current: entailment | L1: entailment | L2: entailment
[173/580] v1.1-row-427-A | L1: entailment | L2: entailment | A-current: entailment
[174/580] v1.1-row-434-A | L2: entailment | A-current: entailment | L1: entailment
[175/580] v1.1-row-440-A | A-current: entailment | L1: entailment | L2: entailment
[176/580] v1.1-row-443-A | L1: entailment | L2: entailment | A-current: entailment
[177/580] v1.1-row-446-A | L2: entailment | A-current: entailment | L1: entailment
[178/580] v1.1-row-447-A | A-current: entailment | L1: entailment | L2: entailment
[179/580] v1.1-row-448-A | L1: entailment | L2: entailment | A-current: entailment
[180/580] v1.1-row-449-A | L2: entailment | A-current: entailment | L1: entailment
[181/580] v1.1-row-454-A | A-current: entailment | L1: entailment | L2: entailment
[182/580] v1.1-row-457-A | L1: entailment | L2: entailment | A-current: entailment
[183/580] v1.1-row-459-A | L2: entailment | A-current: entailment | L1: entailment
[184/580] v1.1-row-461-A | A-current: entailment | L1: entailment | L2: entailment
[185/580] v1.1-row-466-A | L1: entailment | L2: entailment | A-current: entailment
[186/580] v1.1-row-467-A | L2: entailment | A-current: entailment | L1: entailment
[187/580] v1.1-row-472-A | A-current: entailment | L1: entailment | L2: entailment
[188/580] v1.1-row-476-A | L1: entailment | L2: entailment | A-current: entailment
[189/580] v1.1-row-479-A | L2: entailment | A-current: entailment | L1: entailment
[190/580] v1.1-row-483-A | A-current: entailment | L1: entailment | L2: entailment
[191/580] v1.1-row-495-A | L1: neutral | L2: neutral | A-current: neutral
[192/580] v1.1-row-496-A | L2: neutral | A-current: neutral | L1: neutral
[193/580] v1.1-row-498-A | A-current: neutral | L1: neutral | L2: neutral
[194/580] v1.1-row-499-A | L1: neutral | L2: neutral | A-current: neutral
[195/580] v1.1-row-503-A | L2: neutral | A-current: neutral | L1: neutral
[196/580] v1.1-row-505-A | A-current: neutral | L1: neutral | L2: neutral
[197/580] v1.1-row-506-A | L1: neutral | L2: neutral | A-current: neutral
[198/580] v1.1-row-513-A | L2: neutral | A-current: neutral | L1: neutral
[199/580] v1.1-row-518-A | A-current: neutral | L1: neutral | L2: neutral
[200/580] v1.1-row-525-A | L1: neutral | L2: neutral | A-current: neutral
[201/580] v1.1-row-529-A | L2: neutral | A-current: neutral | L1: neutral
[202/580] v1.1-row-530-A | A-current: neutral | L1: neutral | L2: neutral
[203/580] v1.1-row-532-A | L1: neutral | L2: neutral | A-current: neutral
[204/580] v1.1-row-540-A | L2: neutral | A-current: neutral | L1: neutral
[205/580] v1.1-row-541-A | A-current: neutral | L1: neutral | L2: neutral
[206/580] v1.1-row-546-A | L1: neutral | L2: neutral | A-current: neutral
[207/580] v1.1-row-548-A | L2: neutral | A-current: neutral | L1: neutral
[208/580] v1.1-row-555-A | A-current: neutral | L1: neutral | L2: neutral
[209/580] v1.1-row-559-A | L1: neutral | L2: neutral | A-current: neutral
[210/580] v1.1-row-563-A | L2: neutral | A-current: neutral | L1: neutral
[211/580] v1.1-row-572-A | A-current: neutral | L1: neutral | L2: neutral
[212/580] v1.1-row-573-A | L1: neutral | L2: neutral | A-current: neutral
[213/580] v1.1-row-574-A | L2: neutral | A-current: neutral | L1: neutral
[214/580] v1.1-row-576-A | A-current: neutral | L1: neutral | L2: neutral
[215/580] v1.1-row-578-A | L1: neutral | L2: neutral | A-current: neutral
[216/580] v1.1-row-579-A | L2: neutral | A-current: neutral | L1: neutral
[217/580] v1.1-row-588-A | A-current: neutral | L1: neutral | L2: neutral
[218/580] v1.1-row-589-A | L1: neutral | L2: neutral | A-current: neutral
[219/580] v1.1-row-591-A | L2: neutral | A-current: neutral | L1: neutral
[220/580] v1.1-row-596-A | A-current: neutral | L1: neutral | L2: neutral
[221/580] v1.1-row-597-A | L1: neutral | L2: neutral | A-current: neutral
[222/580] v1.1-row-599-A | L2: neutral | A-current: neutral | L1: neutral
[223/580] v1.1-row-602-A | A-current: neutral | L1: neutral | L2: neutral
[224/580] v1.1-row-603-A | L1: neutral | L2: neutral | A-current: neutral
[225/580] v1.1-row-606-A | L2: neutral | A-current: neutral | L1: neutral
[226/580] v1.1-row-609-A | A-current: neutral | L1: neutral | L2: neutral
[227/580] v1.1-row-610-A | L1: neutral | L2: neutral | A-current: neutral
[228/580] v1.1-row-612-A | L2: neutral | A-current: neutral | L1: neutral
[229/580] v1.1-row-613-A | A-current: neutral | L1: neutral | L2: neutral
[230/580] v1.1-row-621-A | L1: neutral | L2: neutral | A-current: neutral
[231/580] v1.1-row-624-A | L2: neutral | A-current: neutral | L1: neutral
[232/580] v1.1-row-628-A | A-current: neutral | L1: neutral | L2: neutral
[233/580] v1.1-row-631-A | L1: neutral | L2: neutral | A-current: neutral
[234/580] v1.1-row-634-A | L2: neutral | A-current: neutral | L1: neutral
[235/580] v1.1-row-639-A | A-current: neutral | L1: neutral | L2: neutral
[236/580] v1.1-row-641-A | L1: neutral | L2: neutral | A-current: neutral
[237/580] v1.1-row-642-A | L2: neutral | A-current: neutral | L1: neutral
[238/580] v1.1-row-646-A | A-current: neutral | L1: neutral | L2: neutral
[239/580] v1.1-row-649-A | L1: neutral | L2: neutral | A-current: neutral
[240/580] v1.1-row-651-A | L2: neutral | A-current: neutral | L1: neutral
[241/580] v1.1-row-654-A | A-current: neutral | L1: neutral | L2: neutral
[242/580] v1.1-row-658-A | L1: neutral | L2: neutral | A-current: neutral
[243/580] v1.1-row-659-A | L2: neutral | A-current: neutral | L1: neutral
[244/580] v1.1-row-660-A | A-current: neutral | L1: neutral | L2: neutral
[245/580] v1.1-row-661-A | L1: neutral | L2: neutral | A-current: neutral
[246/580] v1.1-row-663-A | L2: neutral | A-current: neutral | L1: neutral
[247/580] v1.1-row-664-A | A-current: neutral | L1: neutral | L2: neutral
[248/580] v1.1-row-669-A | L1: neutral | L2: neutral | A-current: neutral
[249/580] v1.1-row-671-A | L2: neutral | A-current: neutral | L1: neutral
[250/580] v1.1-row-672-A | A-current: neutral | L1: neutral | L2: neutral
[251/580] v1.1-row-673-A | L1: neutral | L2: neutral | A-current: neutral
[252/580] v1.1-row-677-A | L2: neutral | A-current: neutral | L1: neutral
[253/580] v1.1-row-678-A | A-current: neutral | L1: neutral | L2: neutral
[254/580] v1.1-row-680-A | L1: neutral | L2: neutral | A-current: neutral
[255/580] v1.1-row-681-A | L2: neutral | A-current: neutral | L1: neutral
[256/580] v1.1-row-685-A | A-current: neutral | L1: neutral | L2: neutral
[257/580] v1.1-row-690-A | L1: neutral | L2: neutral | A-current: neutral
[258/580] v1.1-row-694-A | L2: neutral | A-current: neutral | L1: neutral
[259/580] v1.1-row-695-A | A-current: neutral | L1: neutral | L2: neutral
[260/580] v1.1-row-696-A | L1: neutral | L2: neutral | A-current: neutral
[261/580] v1.1-row-698-A | L2: neutral | A-current: neutral | L1: neutral
[262/580] v1.1-row-706-A | A-current: neutral | L1: neutral | L2: neutral
[263/580] v1.1-row-707-A | L1: neutral | L2: neutral | A-current: neutral
[264/580] v1.1-row-714-A | L2: neutral | A-current: neutral | L1: neutral
[265/580] v1.1-row-716-A | A-current: neutral | L1: neutral | L2: neutral
[266/580] v1.1-row-719-A | L1: neutral | L2: neutral | A-current: neutral
[267/580] v1.1-row-721-A | L2: neutral | A-current: neutral | L1: neutral
[268/580] v1.1-row-727-A | A-current: neutral | L1: neutral | L2: neutral
[269/580] v1.1-row-728-A | L1: neutral | L2: neutral | A-current: neutral
[270/580] v1.1-row-732-A | L2: neutral | A-current: neutral | L1: neutral
[271/580] v1.1-row-733-A | A-current: neutral | L1: neutral | L2: neutral
[272/580] v1.1-row-734-A | L1: neutral | L2: neutral | A-current: neutral
[273/580] v1.1-row-740-A | L2: neutral | A-current: neutral | L1: neutral
[274/580] v1.1-row-741-A | A-current: neutral | L1: neutral | L2: neutral
[275/580] v1.1-row-745-A | L1: neutral | L2: neutral | A-current: neutral
[276/580] v1.1-row-747-A | L2: neutral | A-current: neutral | L1: neutral
[277/580] v1.1-row-748-A | A-current: neutral | L1: neutral | L2: neutral
[278/580] v1.1-row-749-A | L1: neutral | L2: neutral | A-current: neutral
[279/580] v1.1-row-750-A | L2: neutral | A-current: neutral | L1: neutral
[280/580] v1.1-row-751-A | A-current: neutral | L1: neutral | L2: neutral
[281/580] v1.1-row-759-A | L1: neutral | L2: neutral | A-current: neutral
[282/580] v1.1-row-761-A | L2: neutral | A-current: neutral | L1: neutral
[283/580] v1.1-row-765-A | A-current: neutral | L1: neutral | L2: neutral
[284/580] v1.1-row-768-A | L1: neutral | L2: neutral | A-current: neutral
[285/580] v1.1-row-769-A | L2: neutral | A-current: neutral | L1: neutral
[286/580] v1.1-row-772-A | A-current: neutral | L1: neutral | L2: neutral
[287/580] v1.1-row-773-A | L1: neutral | L2: neutral | A-current: neutral
[288/580] v1.1-row-774-A | L2: neutral | A-current: neutral | L1: neutral
[289/580] v1.1-row-775-A | A-current: neutral | L1: neutral | L2: neutral
[290/580] v1.1-row-778-A | L1: neutral | L2: neutral | A-current: neutral
[291/580] v1.1-row-784-A | L2: neutral | A-current: neutral | L1: neutral
[292/580] v1.1-row-787-A | A-current: neutral | L1: neutral | L2: neutral
[293/580] v1.1-row-788-A | L1: neutral | L2: neutral | A-current: neutral
[294/580] v1.1-row-792-A | L2: neutral | A-current: neutral | L1: neutral
[295/580] v1.1-row-794-A | A-current: neutral | L1: neutral | L2: neutral
[296/580] v1.1-row-795-A | L1: neutral | L2: neutral | A-current: neutral
[297/580] v1.1-row-799-A | L2: neutral | A-current: neutral | L1: neutral
[298/580] v1.1-row-802-A | A-current: neutral | L1: neutral | L2: neutral
[299/580] v1.1-row-805-A | L1: neutral | L2: neutral | A-current: neutral
[300/580] v1.1-row-808-A | L2: neutral | A-current: neutral | L1: neutral
[301/580] v1.1-row-812-A | A-current: neutral | L1: neutral | L2: neutral
[302/580] v1.1-row-813-A | L1: neutral | L2: neutral | A-current: neutral
[303/580] v1.1-row-815-A | L2: neutral | A-current: neutral | L1: neutral
[304/580] v1.1-row-816-A | A-current: neutral | L1: neutral | L2: neutral
[305/580] v1.1-row-817-A | L1: neutral | L2: neutral | A-current: neutral
[306/580] v1.1-row-819-A | L2: neutral | A-current: neutral | L1: neutral
[307/580] v1.1-row-823-A | A-current: neutral | L1: neutral | L2: neutral
[308/580] v1.1-row-824-A | L1: neutral | L2: neutral | A-current: neutral
[309/580] v1.1-row-825-A | L2: neutral | A-current: neutral | L1: neutral
[310/580] v1.1-row-827-A | A-current: neutral | L1: neutral | L2: neutral
[311/580] v1.1-row-828-A | L1: neutral | L2: neutral | A-current: neutral
[312/580] v1.1-row-833-A | L2: neutral | A-current: neutral | L1: neutral
[313/580] v1.1-row-834-A | A-current: neutral | L1: neutral | L2: neutral
[314/580] v1.1-row-835-A | L1: neutral | L2: neutral | A-current: neutral
[315/580] v1.1-row-837-A | L2: neutral | A-current: neutral | L1: neutral
[316/580] v1.1-row-839-A | A-current: neutral | L1: neutral | L2: neutral
[317/580] v1.1-row-840-A | L1: neutral | L2: neutral | A-current: neutral
[318/580] v1.1-row-842-A | L2: neutral | A-current: neutral | L1: neutral
[319/580] v1.1-row-847-A | A-current: neutral | L1: neutral | L2: neutral
[320/580] v1.1-row-850-A | L1: neutral | L2: neutral | A-current: neutral
[321/580] v1.1-row-856-A | L2: neutral | A-current: neutral | L1: neutral
[322/580] v1.1-row-857-A | A-current: neutral | L1: neutral | L2: neutral
[323/580] v1.1-row-859-A | L1: neutral | L2: neutral | A-current: neutral
[324/580] v1.1-row-862-A | L2: neutral | A-current: neutral | L1: neutral
[325/580] v1.1-row-864-A | A-current: neutral | L1: neutral | L2: neutral
[326/580] v1.1-row-868-A | L1: neutral | L2: neutral | A-current: neutral
[327/580] v1.1-row-873-A | L2: neutral | A-current: neutral | L1: neutral
[328/580] v1.1-row-877-A | A-current: neutral | L1: neutral | L2: neutral
[329/580] v1.1-row-878-A | L1: neutral | L2: neutral | A-current: neutral
[330/580] v1.1-row-881-A | L2: neutral | A-current: neutral | L1: neutral
[331/580] v1.1-row-882-A | A-current: neutral | L1: neutral | L2: neutral
[332/580] v1.1-row-890-A | L1: neutral | L2: neutral | A-current: neutral
[333/580] v1.1-row-892-A | L2: neutral | A-current: neutral | L1: neutral
[334/580] v1.1-row-893-A | A-current: neutral | L1: neutral | L2: neutral
[335/580] v1.1-row-895-A | L1: neutral | L2: neutral | A-current: neutral
[336/580] v1.1-row-910-A | L2: neutral | A-current: neutral | L1: neutral
[337/580] v1.1-row-911-A | A-current: neutral | L1: neutral | L2: neutral
[338/580] v1.1-row-912-A | L1: neutral | L2: neutral | A-current: neutral
[339/580] v1.1-row-914-A | L2: neutral | A-current: neutral | L1: neutral
[340/580] v1.1-row-915-A | A-current: neutral | L1: neutral | L2: neutral
[341/580] v1.1-row-921-A | L1: neutral | L2: neutral | A-current: neutral
[342/580] v1.1-row-923-A | L2: neutral | A-current: neutral | L1: neutral
[343/580] v1.1-row-925-A | A-current: neutral | L1: neutral | L2: neutral
[344/580] v1.1-row-931-A | L1: neutral | L2: neutral | A-current: neutral
[345/580] v1.1-row-936-A | L2: neutral | A-current: neutral | L1: neutral
[346/580] v1.1-row-937-A | A-current: neutral | L1: neutral | L2: neutral
[347/580] v1.1-row-941-A | L1: neutral | L2: neutral | A-current: neutral
[348/580] v1.1-row-943-A | L2: neutral | A-current: neutral | L1: neutral
[349/580] v1.1-row-945-A | A-current: neutral | L1: neutral | L2: neutral
[350/580] v1.1-row-950-A | L1: neutral | L2: neutral | A-current: neutral
[351/580] v1.1-row-954-A | L2: neutral | A-current: neutral | L1: neutral
[352/580] v1.1-row-955-A | A-current: neutral | L1: neutral | L2: neutral
[353/580] v1.1-row-957-A | L1: neutral | L2: neutral | A-current: neutral
[354/580] v1.1-row-958-A | L2: neutral | A-current: neutral | L1: neutral
[355/580] v1.1-row-961-A | A-current: neutral | L1: neutral | L2: neutral
[356/580] v1.1-row-963-A | L1: neutral | L2: neutral | A-current: neutral
[357/580] v1.1-row-967-A | L2: neutral | A-current: neutral | L1: neutral
[358/580] v1.1-row-971-A | A-current: neutral | L1: neutral | L2: neutral
[359/580] v1.1-row-973-A | L1: neutral | L2: neutral | A-current: neutral
[360/580] v1.1-row-974-A | L2: neutral | A-current: neutral | L1: neutral
[361/580] v1.1-row-975-A | A-current: neutral | L1: neutral | L2: neutral
[362/580] v1.1-row-976-A | L1: neutral | L2: neutral | A-current: neutral
[363/580] v1.1-row-978-A | L2: neutral | A-current: neutral | L1: neutral
[364/580] v1.1-row-979-A | A-current: neutral | L1: neutral | L2: neutral
[365/580] v1.1-row-983-A | L1: neutral | L2: neutral | A-current: neutral
[366/580] v1.1-row-984-A | L2: neutral | A-current: neutral | L1: neutral
[367/580] v1.1-row-987-A | A-current: neutral | L1: neutral | L2: neutral
[368/580] v1.1-row-991-A | L1: neutral | L2: neutral | A-current: neutral
[369/580] v1.1-row-992-A | L2: neutral | A-current: neutral | L1: neutral
[370/580] v1.1-row-993-A | A-current: contradiction | L1: contradiction | L2: contradiction
[371/580] v1.1-row-995-A | L1: contradiction | L2: contradiction | A-current: contradiction
[372/580] v1.1-row-996-A | L2: contradiction | A-current: contradiction | L1: contradiction
[373/580] v1.1-row-997-A | A-current: contradiction | L1: contradiction | L2: contradiction
[374/580] v1.1-row-998-A | L1: contradiction | L2: contradiction | A-current: contradiction
[375/580] v1.1-row-999-A | L2: contradiction | A-current: contradiction | L1: contradiction
[376/580] v1.1-row-1001-A | A-current: contradiction | L1: contradiction | L2: contradiction
[377/580] v1.1-row-1002-A | L1: contradiction | L2: contradiction | A-current: contradiction
[378/580] v1.1-row-1004-A | L2: contradiction | A-current: contradiction | L1: contradiction
[379/580] v1.1-row-1005-A | A-current: contradiction | L1: contradiction | L2: contradiction
[380/580] v1.1-row-1006-A | L1: contradiction | L2: contradiction | A-current: contradiction
[381/580] v1.1-row-1007-A | L2: contradiction | A-current: contradiction | L1: contradiction
[382/580] v1.1-row-1008-A | A-current: contradiction | L1: contradiction | L2: contradiction
[383/580] v1.1-row-1009-A | L1: contradiction | L2: contradiction | A-current: contradiction
[384/580] v1.1-row-1010-A | L2: contradiction | A-current: contradiction | L1: contradiction
[385/580] v1.1-row-1013-A | A-current: contradiction | L1: contradiction | L2: contradiction
[386/580] v1.1-row-1017-A | L1: contradiction | L2: contradiction | A-current: contradiction
[387/580] v1.1-row-1018-A | L2: contradiction | A-current: contradiction | L1: contradiction
[388/580] v1.1-row-1019-A | A-current: contradiction | L1: contradiction | L2: contradiction
[389/580] v1.1-row-1025-A | L1: neutral | L2: neutral | A-current: neutral
[390/580] v1.1-row-1029-A | L2: contradiction | A-current: contradiction | L1: contradiction
[391/580] v1.1-row-1030-A | A-current: contradiction | L1: contradiction | L2: contradiction
[392/580] v1.1-row-1032-A | L1: contradiction | L2: contradiction | A-current: contradiction
[393/580] v1.1-row-1035-A | L2: contradiction | A-current: contradiction | L1: contradiction
[394/580] v1.1-row-1036-A | A-current: neutral | L1: neutral | L2: neutral
[395/580] v1.1-row-1041-A | L1: contradiction | L2: contradiction | A-current: contradiction
[396/580] v1.1-row-1047-A | L2: contradiction | A-current: contradiction | L1: contradiction
[397/580] v1.1-row-1053-A | A-current: neutral | L1: neutral | L2: contradiction
[398/580] v1.1-row-1055-A | L1: contradiction | L2: contradiction | A-current: contradiction
[399/580] v1.1-row-1057-A | L2: contradiction | A-current: contradiction | L1: contradiction
[400/580] v1.1-row-1060-A | A-current: contradiction | L1: contradiction | L2: contradiction
[401/580] v1.1-row-1062-A | L1: contradiction | L2: contradiction | A-current: contradiction
[402/580] v1.1-row-1065-A | L2: contradiction | A-current: contradiction | L1: contradiction
[403/580] v1.1-row-1066-A | A-current: contradiction | L1: contradiction | L2: contradiction
[404/580] v1.1-row-1071-A | L1: contradiction | L2: contradiction | A-current: contradiction
[405/580] v1.1-row-1075-A | L2: contradiction | A-current: contradiction | L1: contradiction
[406/580] v1.1-row-1076-A | A-current: contradiction | L1: contradiction | L2: contradiction
[407/580] v1.1-row-1081-A | L1: contradiction | L2: contradiction | A-current: contradiction
[408/580] v1.1-row-1082-A | L2: contradiction | A-current: contradiction | L1: contradiction
[409/580] v1.1-row-1086-A | A-current: contradiction | L1: contradiction | L2: contradiction
[410/580] v1.1-row-1090-A | L1: contradiction | L2: contradiction | A-current: contradiction
[411/580] v1.1-row-1096-A | L2: contradiction | A-current: contradiction | L1: contradiction
[412/580] v1.1-row-1097-A | A-current: contradiction | L1: contradiction | L2: contradiction
[413/580] v1.1-row-1101-A | L1: contradiction | L2: contradiction | A-current: contradiction
[414/580] v1.1-row-1104-A | L2: contradiction | A-current: contradiction | L1: contradiction
[415/580] v1.1-row-1106-A | A-current: contradiction | L1: contradiction | L2: contradiction
[416/580] v1.1-row-1107-A | L1: contradiction | L2: contradiction | A-current: contradiction
[417/580] v1.1-row-1108-A | L2: contradiction | A-current: contradiction | L1: contradiction
[418/580] v1.1-row-1109-A | A-current: contradiction | L1: contradiction | L2: contradiction
[419/580] v1.1-row-1112-A | L1: contradiction | L2: contradiction | A-current: contradiction
[420/580] v1.1-row-1113-A | L2: contradiction | A-current: contradiction | L1: contradiction
[421/580] v1.1-row-1124-A | A-current: contradiction | L1: contradiction | L2: contradiction
[422/580] v1.1-row-1127-A | L1: contradiction | L2: contradiction | A-current: contradiction
[423/580] v1.1-row-1129-A | L2: contradiction | A-current: contradiction | L1: contradiction
[424/580] v1.1-row-1131-A | A-current: contradiction | L1: contradiction | L2: contradiction
[425/580] v1.1-row-1132-A | L1: contradiction | L2: contradiction | A-current: contradiction
[426/580] v1.1-row-1134-A | L2: contradiction | A-current: contradiction | L1: contradiction
[427/580] v1.1-row-1136-A | A-current: contradiction | L1: contradiction | L2: contradiction
[428/580] v1.1-row-1137-A | L1: contradiction | L2: contradiction | A-current: contradiction
[429/580] v1.1-row-1142-A | L2: contradiction | A-current: contradiction | L1: contradiction
[430/580] v1.1-row-1146-A | A-current: contradiction | L1: contradiction | L2: contradiction
[431/580] v1.1-row-1147-A | L1: contradiction | L2: contradiction | A-current: contradiction
[432/580] v1.1-row-1149-A | L2: contradiction | A-current: contradiction | L1: contradiction
[433/580] v1.1-row-1151-A | A-current: neutral | L1: neutral | L2: neutral
[434/580] v1.1-row-1156-A | L1: contradiction | L2: contradiction | A-current: contradiction
[435/580] v1.1-row-1157-A | L2: contradiction | A-current: contradiction | L1: contradiction
[436/580] v1.1-row-1158-A | A-current: contradiction | L1: contradiction | L2: contradiction
[437/580] v1.1-row-1159-A | L1: neutral | L2: neutral | A-current: neutral
[438/580] v1.1-row-1162-A | L2: contradiction | A-current: neutral | L1: contradiction
[439/580] v1.1-row-1164-A | A-current: contradiction | L1: contradiction | L2: contradiction
[440/580] v1.1-row-1165-A | L1: contradiction | L2: contradiction | A-current: contradiction
[441/580] v1.1-row-1168-A | L2: contradiction | A-current: contradiction | L1: contradiction
[442/580] v1.1-row-1170-A | A-current: contradiction | L1: contradiction | L2: contradiction
[443/580] v1.1-row-1171-A | L1: contradiction | L2: contradiction | A-current: contradiction
[444/580] v1.1-row-1172-A | L2: contradiction | A-current: contradiction | L1: contradiction
[445/580] v1.1-row-1173-A | A-current: contradiction | L1: contradiction | L2: contradiction
[446/580] v1.1-row-1174-A | L1: entailment | L2: entailment | A-current: entailment
[447/580] v1.1-row-1175-A | L2: contradiction | A-current: contradiction | L1: contradiction
[448/580] v1.1-row-1178-A | A-current: contradiction | L1: contradiction | L2: contradiction
[449/580] v1.1-row-1181-A | L1: contradiction | L2: contradiction | A-current: contradiction
[450/580] v1.1-row-1184-A | L2: contradiction | A-current: contradiction | L1: contradiction
[451/580] v1.1-row-1187-A | A-current: contradiction | L1: contradiction | L2: contradiction
[452/580] v1.1-row-1188-A | L1: contradiction | L2: contradiction | A-current: contradiction
[453/580] v1.1-row-1192-A | L2: contradiction | A-current: contradiction | L1: contradiction
[454/580] v1.1-row-1197-A | A-current: contradiction | L1: contradiction | L2: contradiction
[455/580] v1.1-row-1200-A | L1: neutral | L2: neutral | A-current: neutral
[456/580] v1.1-row-1210-A | L2: neutral | A-current: neutral | L1: neutral
[457/580] v1.1-row-1211-A | A-current: contradiction | L1: contradiction | L2: contradiction
[458/580] v1.1-row-1213-A | L1: contradiction | L2: contradiction | A-current: contradiction
[459/580] v1.1-row-1214-A | L2: contradiction | A-current: contradiction | L1: contradiction
[460/580] v1.1-row-1215-A | A-current: neutral | L1: contradiction | L2: neutral
[461/580] v1.1-row-1218-A | L1: contradiction | L2: contradiction | A-current: contradiction
[462/580] v1.1-row-1221-A | L2: contradiction | A-current: contradiction | L1: contradiction
[463/580] v1.1-row-1226-A | A-current: neutral | L1: neutral | L2: neutral
[464/580] v1.1-row-1227-A | L1: contradiction | L2: contradiction | A-current: contradiction
[465/580] v1.1-row-1228-A | L2: contradiction | A-current: contradiction | L1: contradiction
[466/580] v1.1-row-1232-A | A-current: contradiction | L1: contradiction | L2: contradiction
[467/580] v1.1-row-1233-A | L1: contradiction | L2: contradiction | A-current: contradiction
[468/580] v1.1-row-1235-A | L2: contradiction | A-current: contradiction | L1: contradiction
[469/580] v1.1-row-1237-A | A-current: neutral | L1: contradiction | L2: neutral
[470/580] v1.1-row-1239-A | L1: contradiction | L2: contradiction | A-current: contradiction
[471/580] v1.1-row-1240-A | L2: contradiction | A-current: contradiction | L1: contradiction
[472/580] v1.1-row-1241-A | A-current: contradiction | L1: contradiction | L2: contradiction
[473/580] v1.1-row-1244-A | L1: contradiction | L2: contradiction | A-current: contradiction
[474/580] v1.1-row-1245-A | L2: contradiction | A-current: contradiction | L1: contradiction
[475/580] v1.1-row-1249-A | A-current: contradiction | L1: contradiction | L2: contradiction
[476/580] v1.1-row-1250-A | L1: contradiction | L2: contradiction | A-current: contradiction
[477/580] v1.1-row-1254-A | L2: contradiction | A-current: contradiction | L1: contradiction
[478/580] v1.1-row-1255-A | A-current: contradiction | L1: contradiction | L2: contradiction
[479/580] v1.1-row-1256-A | L1: contradiction | L2: contradiction | A-current: contradiction
[480/580] v1.1-row-1257-A | L2: contradiction | A-current: contradiction | L1: contradiction
[481/580] v1.1-row-1259-A | A-current: entailment | L1: entailment | L2: entailment
[482/580] v1.1-row-1260-A | L1: contradiction | L2: contradiction | A-current: contradiction
[483/580] v1.1-row-1269-A | L2: contradiction | A-current: contradiction | L1: contradiction
[484/580] v1.1-row-1270-A | A-current: contradiction | L1: contradiction | L2: contradiction
[485/580] v1.1-row-1272-A | L1: contradiction | L2: contradiction | A-current: contradiction
[486/580] v1.1-row-1273-A | L2: contradiction | A-current: contradiction | L1: contradiction
[487/580] v1.1-row-1274-A | A-current: contradiction | L1: contradiction | L2: contradiction
[488/580] v1.1-row-1275-A | L1: contradiction | L2: contradiction | A-current: contradiction
[489/580] v1.1-row-1286-A | L2: contradiction | A-current: contradiction | L1: contradiction
[490/580] v1.1-row-1287-A | A-current: entailment | L1: entailment | L2: entailment
[491/580] v1.1-row-1288-A | L1: contradiction | L2: contradiction | A-current: contradiction
[492/580] v1.1-row-1289-A | L2: contradiction | A-current: contradiction | L1: contradiction
[493/580] v1.1-row-1290-A | A-current: contradiction | L1: contradiction | L2: contradiction
[494/580] v1.1-row-1294-A | L1: contradiction | L2: contradiction | A-current: contradiction
[495/580] v1.1-row-1296-A | L2: contradiction | A-current: contradiction | L1: contradiction
[496/580] v1.1-row-1299-A | A-current: contradiction | L1: contradiction | L2: contradiction
[497/580] v1.1-row-1300-A | L1: contradiction | L2: contradiction | A-current: contradiction
[498/580] v1.1-row-1305-A | L2: contradiction | A-current: contradiction | L1: contradiction
[499/580] v1.1-row-1309-A | A-current: neutral | L1: neutral | L2: neutral
[500/580] v1.1-row-1312-A | L1: entailment | L2: entailment | A-current: entailment
[501/580] v1.1-row-1313-A | L2: contradiction | A-current: contradiction | L1: contradiction
[502/580] v1.1-row-1316-A | A-current: contradiction | L1: contradiction | L2: contradiction
[503/580] v1.1-row-1317-A | L1: contradiction | L2: contradiction | A-current: contradiction
[504/580] v1.1-row-1318-A | L2: neutral | A-current: neutral | L1: neutral
[505/580] v1.1-row-1319-A | A-current: contradiction | L1: contradiction | L2: contradiction
[506/580] v1.1-row-1321-A | L1: contradiction | L2: contradiction | A-current: contradiction
[507/580] v1.1-row-1322-A | L2: contradiction | A-current: contradiction | L1: contradiction
[508/580] v1.1-row-1323-A | A-current: contradiction | L1: contradiction | L2: contradiction
[509/580] v1.1-row-1325-A | L1: contradiction | L2: neutral | A-current: neutral
[510/580] v1.1-row-1327-A | L2: contradiction | A-current: contradiction | L1: contradiction
[511/580] v1.1-row-1333-A | A-current: contradiction | L1: contradiction | L2: contradiction
[512/580] v1.1-row-1334-A | L1: contradiction | L2: contradiction | A-current: contradiction
[513/580] v1.1-row-1337-A | L2: contradiction | A-current: contradiction | L1: contradiction
[514/580] v1.1-row-1338-A | A-current: contradiction | L1: contradiction | L2: contradiction
[515/580] v1.1-row-1340-A | L1: contradiction | L2: contradiction | A-current: contradiction
[516/580] v1.1-row-1347-A | L2: neutral | A-current: neutral | L1: neutral
[517/580] v1.1-row-1349-A | A-current: contradiction | L1: contradiction | L2: contradiction
[518/580] v1.1-row-1351-A | L1: neutral | L2: neutral | A-current: neutral
[519/580] v1.1-row-1352-A | L2: contradiction | A-current: contradiction | L1: contradiction
[520/580] v1.1-row-1354-A | A-current: contradiction | L1: contradiction | L2: contradiction
[521/580] v1.1-row-1356-A | L1: contradiction | L2: contradiction | A-current: contradiction
[522/580] v1.1-row-1358-A | L2: contradiction | A-current: contradiction | L1: contradiction
[523/580] v1.1-row-1360-A | A-current: neutral | L1: contradiction | L2: neutral
[524/580] v1.1-row-1366-A | L1: contradiction | L2: contradiction | A-current: contradiction
[525/580] v1.1-row-1368-A | L2: contradiction | A-current: contradiction | L1: contradiction
[526/580] v1.1-row-1372-A | A-current: contradiction | L1: contradiction | L2: contradiction
[527/580] v1.1-row-1382-A | L1: contradiction | L2: contradiction | A-current: contradiction
[528/580] v1.1-row-1385-A | L2: contradiction | A-current: contradiction | L1: contradiction
[529/580] v1.1-row-1387-A | A-current: contradiction | L1: contradiction | L2: contradiction
[530/580] v1.1-row-1389-A | L1: contradiction | L2: neutral | A-current: neutral
[531/580] v1.1-row-1392-A | L2: contradiction | A-current: contradiction | L1: contradiction
[532/580] v1.1-row-1393-A | A-current: contradiction | L1: contradiction | L2: contradiction
[533/580] v1.1-row-1399-A | L1: contradiction | L2: contradiction | A-current: contradiction
[534/580] v1.1-row-1401-A | L2: contradiction | A-current: contradiction | L1: contradiction
[535/580] v1.1-row-1404-A | A-current: neutral | L1: neutral | L2: neutral
[536/580] v1.1-row-1405-A | L1: contradiction | L2: contradiction | A-current: contradiction
[537/580] v1.1-row-1406-A | L2: contradiction | A-current: contradiction | L1: contradiction
[538/580] v1.1-row-1409-A | A-current: contradiction | L1: contradiction | L2: contradiction
[539/580] v1.1-row-1410-A | L1: contradiction | L2: contradiction | A-current: contradiction
[540/580] v1.1-row-1411-A | L2: contradiction | A-current: contradiction | L1: contradiction
[541/580] v1.1-row-1412-A | A-current: contradiction | L1: contradiction | L2: contradiction
[542/580] v1.1-row-1413-A | L1: contradiction | L2: contradiction | A-current: contradiction
[543/580] v1.1-row-1414-A | L2: contradiction | A-current: contradiction | L1: contradiction
[544/580] v1.1-row-1417-A | A-current: contradiction | L1: contradiction | L2: contradiction
[545/580] v1.1-row-1418-A | L1: contradiction | L2: contradiction | A-current: contradiction
[546/580] v1.1-row-1423-A | L2: contradiction | A-current: contradiction | L1: contradiction
[547/580] v1.1-row-1425-A | A-current: contradiction | L1: contradiction | L2: contradiction
[548/580] v1.1-row-1426-A | L1: contradiction | L2: contradiction | A-current: contradiction
[549/580] v1.1-row-1428-A | L2: contradiction | A-current: contradiction | L1: contradiction
[550/580] v1.1-row-1429-A | A-current: contradiction | L1: contradiction | L2: contradiction
[551/580] v1.1-row-1430-A | L1: contradiction | L2: contradiction | A-current: contradiction
[552/580] v1.1-row-1431-A | L2: contradiction | A-current: contradiction | L1: contradiction
[553/580] v1.1-row-1432-A | A-current: contradiction | L1: contradiction | L2: contradiction
[554/580] v1.1-row-1433-A | L1: contradiction | L2: contradiction | A-current: contradiction
[555/580] v1.1-row-1440-A | L2: contradiction | A-current: contradiction | L1: contradiction
[556/580] v1.1-row-1441-A | A-current: contradiction | L1: contradiction | L2: contradiction
[557/580] v1.1-row-1445-A | L1: contradiction | L2: contradiction | A-current: contradiction
[558/580] v1.1-row-1447-A | L2: contradiction | A-current: contradiction | L1: contradiction
[559/580] v1.1-row-1452-A | A-current: neutral | L1: contradiction | L2: neutral
[560/580] v1.1-row-1454-A | L1: contradiction | L2: contradiction | A-current: contradiction
[561/580] v1.1-row-1455-A | L2: contradiction | A-current: contradiction | L1: contradiction
[562/580] v1.1-row-1457-A | A-current: entailment | L1: entailment | L2: entailment
[563/580] v1.1-row-1458-A | L1: contradiction | L2: contradiction | A-current: contradiction
[564/580] v1.1-row-1460-A | L2: contradiction | A-current: contradiction | L1: contradiction
[565/580] v1.1-row-1462-A | A-current: contradiction | L1: contradiction | L2: contradiction
[566/580] v1.1-row-1463-A | L1: contradiction | L2: contradiction | A-current: contradiction
[567/580] v1.1-row-1465-A | L2: contradiction | A-current: contradiction | L1: contradiction
[568/580] v1.1-row-1466-A | A-current: contradiction | L1: contradiction | L2: contradiction
[569/580] v1.1-row-1467-A | L1: neutral | L2: neutral | A-current: neutral
[570/580] v1.1-row-1469-A | L2: contradiction | A-current: contradiction | L1: contradiction
[571/580] v1.1-row-1471-A | A-current: contradiction | L1: contradiction | L2: contradiction
[572/580] v1.1-row-1473-A | L1: contradiction | L2: contradiction | A-current: contradiction
[573/580] v1.1-row-1475-A | L2: contradiction | A-current: contradiction | L1: contradiction
[574/580] v1.1-row-1476-A | A-current: contradiction | L1: contradiction | L2: contradiction
[575/580] v1.1-row-1479-A | L1: contradiction | L2: contradiction | A-current: contradiction
[576/580] v1.1-row-1480-A | L2: contradiction | A-current: contradiction | L1: contradiction
[577/580] v1.1-row-1482-A | A-current: contradiction | L1: contradiction | L2: contradiction
[578/580] v1.1-row-1483-A | L1: contradiction | L2: contradiction | A-current: contradiction
[579/580] v1.1-row-1485-A | L2: contradiction | A-current: contradiction | L1: contradiction
[580/580] v1.1-row-1486-A | A-current: contradiction | L1: contradiction | L2: contradiction
A-current: ok: 580; HTTP 429 answers: 0, retries: 0
L1: ok: 580; HTTP 429 answers: 0, retries: 0
L2: ok: 580; HTTP 429 answers: 0, retries: 0
