100 cases, 41 booklets parsed; arms: ['full', 'embed-e5-small', 'section-route', 'section-k4', 'section-k2', 'section-k1']
[1/100] v1.1-row-2-A | full: entailment | embed-e5-small: entailment | section-k1: entailment | section-route: entailment | section-k2: entailment | section-k4: entailment
[2/100] v1.1-row-4-A | embed-e5-small: entailment | section-route: entailment | full: entailment | section-k4: entailment | section-k1: entailment | section-k2: entailment
[3/100] v1.1-row-5-A | section-route: entailment | section-k4: entailment | embed-e5-small: entailment | section-k2: entailment | full: entailment | section-k1: entailment
[4/100] v1.1-row-22-A | section-k4: entailment | section-k2: entailment | section-route: entailment | section-k1: neutral | embed-e5-small: entailment | full: entailment
[5/100] v1.1-row-27-A | section-k2: entailment | section-k1: entailment | section-k4: entailment | full: entailment | section-route: entailment | embed-e5-small: entailment
[6/100] v1.1-row-35-A | section-k1: entailment | full: contradiction | section-k2: entailment | embed-e5-small: entailment | section-k4: entailment | section-route: entailment
[7/100] v1.1-row-49-A | full: entailment | embed-e5-small: entailment | section-k1: entailment | section-route: entailment | section-k2: entailment | section-k4: entailment
[8/100] v1.1-row-68-A | embed-e5-small: entailment | section-route: entailment | full: entailment | section-k4: entailment | section-k1: entailment | section-k2: entailment
[9/100] v1.1-row-93-A | section-route: entailment | section-k4: entailment | embed-e5-small: entailment | section-k2: entailment | full: entailment | section-k1: entailment
[10/100] v1.1-row-135-A | section-k4: entailment | section-k2: entailment | section-route: entailment | section-k1: entailment | embed-e5-small: entailment | full: entailment
[11/100] v1.1-row-150-A | section-k2: entailment | section-k1: entailment | section-k4: entailment | full: entailment | section-route: entailment | embed-e5-small: entailment
[12/100] v1.1-row-162-A | section-k1: entailment | full: entailment | section-k2: neutral | embed-e5-small: entailment | section-k4: entailment | section-route: entailment
[13/100] v1.1-row-166-A | full: entailment | embed-e5-small: entailment | section-k1: neutral | section-route: entailment | section-k2: entailment | section-k4: entailment
[14/100] v1.1-row-167-A | embed-e5-small: entailment | section-route: entailment | full: entailment | section-k4: entailment | section-k1: entailment | section-k2: entailment
[15/100] v1.1-row-168-A | section-route: entailment | section-k4: entailment | embed-e5-small: entailment | section-k2: neutral | full: entailment | section-k1: entailment
[16/100] v1.1-row-179-A | section-k4: entailment | section-k2: entailment | section-route: entailment | section-k1: entailment | embed-e5-small: entailment | full: entailment
[17/100] v1.1-row-180-A | section-k2: entailment | section-k1: entailment | section-k4: entailment | full: entailment | section-route: entailment | embed-e5-small: entailment
[18/100] v1.1-row-216-A | section-k1: entailment | full: entailment | section-k2: entailment | embed-e5-small: entailment | section-k4: entailment | section-route: entailment
[19/100] v1.1-row-260-A | full: entailment | embed-e5-small: entailment | section-k1: neutral | section-route: entailment | section-k2: entailment | section-k4: entailment
[20/100] v1.1-row-262-A | embed-e5-small: entailment | section-route: entailment | full: entailment | section-k4: entailment | section-k1: entailment | section-k2: entailment
[21/100] v1.1-row-263-A | section-route: entailment | section-k4: entailment | embed-e5-small: neutral | section-k2: entailment | full: contradiction | section-k1: neutral
[22/100] v1.1-row-288-A | section-k4: entailment | section-k2: entailment | section-route: entailment | section-k1: entailment | embed-e5-small: neutral | full: entailment
[23/100] v1.1-row-290-A | section-k2: entailment | section-k1: entailment | section-k4: entailment | full: entailment | section-route: entailment | embed-e5-small: entailment
[24/100] v1.1-row-304-A | section-k1: neutral | full: entailment | section-k2: entailment | embed-e5-small: neutral | section-k4: entailment | section-route: entailment
[25/100] v1.1-row-339-A | full: entailment | embed-e5-small: entailment | section-k1: entailment | section-route: entailment | section-k2: entailment | section-k4: entailment
[26/100] v1.1-row-359-A | embed-e5-small: entailment | section-route: entailment | full: entailment | section-k4: entailment | section-k1: entailment | section-k2: entailment
[27/100] v1.1-row-363-A | section-route: entailment | section-k4: entailment | embed-e5-small: entailment | section-k2: entailment | full: entailment | section-k1: entailment
[28/100] v1.1-row-370-A | section-k4: entailment | section-k2: entailment | section-route: entailment | section-k1: entailment | embed-e5-small: entailment | full: entailment
[29/100] v1.1-row-408-A | section-k2: entailment | section-k1: entailment | section-k4: entailment | full: entailment | section-route: entailment | embed-e5-small: entailment
[30/100] v1.1-row-412-A | section-k1: neutral | full: contradiction | section-k2: entailment | embed-e5-small: entailment | section-k4: entailment | section-route: entailment
[31/100] v1.1-row-418-A | full: entailment | embed-e5-small: entailment | section-k1: entailment | section-route: entailment | section-k2: entailment | section-k4: entailment
[32/100] v1.1-row-419-A | embed-e5-small: entailment | section-route: entailment | full: entailment | section-k4: entailment | section-k1: entailment | section-k2: entailment
[33/100] v1.1-row-471-A | section-route: entailment | section-k4: entailment | embed-e5-small: entailment | section-k2: entailment | full: entailment | section-k1: neutral
[34/100] v1.1-row-474-A | section-k4: entailment | section-k2: neutral | section-route: entailment | section-k1: neutral | embed-e5-small: entailment | full: contradiction
[35/100] v1.1-row-492-A | section-k2: entailment | section-k1: entailment | section-k4: entailment | full: entailment | section-route: entailment | embed-e5-small: entailment
[36/100] v1.1-row-493-A | section-k1: contradiction | full: entailment | section-k2: entailment | embed-e5-small: entailment | section-k4: entailment | section-route: entailment
[37/100] v1.1-row-510-A | full: contradiction | embed-e5-small: contradiction | section-k1: neutral | section-route: neutral | section-k2: neutral | section-k4: neutral
[38/100] v1.1-row-515-A | embed-e5-small: neutral | section-route: neutral | full: neutral | section-k4: neutral | section-k1: neutral | section-k2: neutral
[39/100] v1.1-row-517-A | section-route: neutral | section-k4: neutral | embed-e5-small: contradiction | section-k2: neutral | full: neutral | section-k1: neutral
[40/100] v1.1-row-521-A | section-k4: neutral | section-k2: neutral | section-route: neutral | section-k1: neutral | embed-e5-small: neutral | full: neutral
[41/100] v1.1-row-549-A | section-k2: neutral | section-k1: neutral | section-k4: neutral | full: neutral | section-route: neutral | embed-e5-small: neutral
[42/100] v1.1-row-556-A | section-k1: neutral | full: neutral | section-k2: neutral | embed-e5-small: neutral | section-k4: neutral | section-route: neutral
[43/100] v1.1-row-608-A | full: contradiction | embed-e5-small: contradiction | section-k1: neutral | section-route: neutral | section-k2: neutral | section-k4: neutral
[44/100] v1.1-row-614-A | embed-e5-small: neutral | section-route: neutral | full: neutral | section-k4: neutral | section-k1: neutral | section-k2: neutral
[45/100] v1.1-row-619-A | section-route: neutral | section-k4: neutral | embed-e5-small: neutral | section-k2: neutral | full: neutral | section-k1: neutral
[46/100] v1.1-row-623-A | section-k4: neutral | section-k2: neutral | section-route: neutral | section-k1: neutral | embed-e5-small: neutral | full: neutral
[47/100] v1.1-row-648-A | section-k2: neutral | section-k1: neutral | section-k4: neutral | full: neutral | section-route: neutral | embed-e5-small: neutral
[48/100] v1.1-row-656-A | section-k1: neutral | full: neutral | section-k2: neutral | embed-e5-small: neutral | section-k4: neutral | section-route: neutral
[49/100] v1.1-row-662-A | full: contradiction | embed-e5-small: neutral | section-k1: neutral | section-route: neutral | section-k2: neutral | section-k4: neutral
[50/100] v1.1-row-668-A | embed-e5-small: neutral | section-route: neutral | full: neutral | section-k4: neutral | section-k1: neutral | section-k2: neutral
[51/100] v1.1-row-670-A | section-route: neutral | section-k4: neutral | embed-e5-small: neutral | section-k2: neutral | full: neutral | section-k1: neutral
[52/100] v1.1-row-692-A | section-k4: neutral | section-k2: neutral | section-route: neutral | section-k1: neutral | embed-e5-small: neutral | full: neutral
[53/100] v1.1-row-713-A | section-k2: neutral | section-k1: neutral | section-k4: neutral | full: neutral | section-route: neutral | embed-e5-small: neutral
[54/100] v1.1-row-726-A | section-k1: neutral | full: neutral | section-k2: neutral | embed-e5-small: neutral | section-k4: neutral | section-route: neutral
[55/100] v1.1-row-739-A | full: neutral | embed-e5-small: neutral | section-k1: neutral | section-route: neutral | section-k2: neutral | section-k4: neutral
[56/100] v1.1-row-770-A | embed-e5-small: neutral | section-route: neutral | full: neutral | section-k4: neutral | section-k1: neutral | section-k2: neutral
[57/100] v1.1-row-777-A | section-route: neutral | section-k4: neutral | embed-e5-small: neutral | section-k2: neutral | full: neutral | section-k1: neutral
[58/100] v1.1-row-820-A | section-k4: neutral | section-k2: neutral | section-route: neutral | section-k1: neutral | embed-e5-small: neutral | full: contradiction
[59/100] v1.1-row-821-A | section-k2: neutral | section-k1: neutral | section-k4: neutral | full: neutral | section-route: neutral | embed-e5-small: neutral
[60/100] v1.1-row-826-A | section-k1: neutral | full: neutral | section-k2: neutral | embed-e5-small: neutral | section-k4: neutral | section-route: neutral
[61/100] v1.1-row-841-A | full: neutral | embed-e5-small: neutral | section-k1: neutral | section-route: neutral | section-k2: neutral | section-k4: neutral
[62/100] v1.1-row-843-A | embed-e5-small: neutral | section-route: neutral | full: neutral | section-k4: neutral | section-k1: neutral | section-k2: neutral
[63/100] v1.1-row-853-A | section-route: neutral | section-k4: neutral | embed-e5-small: neutral | section-k2: neutral | full: contradiction | section-k1: neutral
[64/100] v1.1-row-854-A | section-k4: neutral | section-k2: neutral | section-route: neutral | section-k1: neutral | embed-e5-small: neutral | full: contradiction
[65/100] v1.1-row-869-A | section-k2: neutral | section-k1: neutral | section-k4: neutral | full: neutral | section-route: neutral | embed-e5-small: neutral
[66/100] v1.1-row-876-A | section-k1: neutral | full: neutral | section-k2: neutral | embed-e5-small: neutral | section-k4: neutral | section-route: neutral
[67/100] v1.1-row-932-A | full: neutral | embed-e5-small: neutral | section-k1: neutral | section-route: neutral | section-k2: neutral | section-k4: neutral
[68/100] v1.1-row-944-A | embed-e5-small: neutral | section-route: neutral | full: neutral | section-k4: neutral | section-k1: neutral | section-k2: neutral
[69/100] v1.1-row-946-A | section-route: neutral | section-k4: neutral | embed-e5-small: neutral | section-k2: neutral | full: contradiction | section-k1: neutral
[70/100] v1.1-row-953-A | section-k4: neutral | section-k2: neutral | section-route: neutral | section-k1: neutral | embed-e5-small: neutral | full: neutral
[71/100] v1.1-row-977-A | section-k2: neutral | section-k1: neutral | section-k4: neutral | full: neutral | section-route: neutral | embed-e5-small: neutral
[72/100] v1.1-row-981-A | section-k1: neutral | full: neutral | section-k2: neutral | embed-e5-small: neutral | section-k4: neutral | section-route: neutral
[73/100] v1.1-row-994-A | full: contradiction | embed-e5-small: contradiction | section-k1: contradiction | section-route: contradiction | section-k2: contradiction | section-k4: contradiction
[74/100] v1.1-row-1015-A | embed-e5-small: contradiction | section-route: contradiction | full: contradiction | section-k4: contradiction | section-k1: contradiction | section-k2: contradiction
[75/100] v1.1-row-1020-A | section-route: contradiction | section-k4: contradiction | embed-e5-small: contradiction | section-k2: contradiction | full: contradiction | section-k1: contradiction
[76/100] v1.1-row-1022-A | section-k4: contradiction | section-k2: contradiction | section-route: contradiction | section-k1: neutral | embed-e5-small: contradiction | full: contradiction
[77/100] v1.1-row-1056-A | section-k2: contradiction | section-k1: contradiction | section-k4: contradiction | full: contradiction | section-route: contradiction | embed-e5-small: contradiction
[78/100] v1.1-row-1063-A | section-k1: neutral | full: contradiction | section-k2: contradiction | embed-e5-small: contradiction | section-k4: contradiction | section-route: contradiction
[79/100] v1.1-row-1115-A | full: contradiction | embed-e5-small: contradiction | section-k1: neutral | section-route: contradiction | section-k2: neutral | section-k4: neutral
[80/100] v1.1-row-1117-A | embed-e5-small: contradiction | section-route: contradiction | full: entailment | section-k4: contradiction | section-k1: contradiction | section-k2: contradiction
[81/100] v1.1-row-1138-A | section-route: entailment | section-k4: contradiction | embed-e5-small: contradiction | section-k2: entailment | full: contradiction | section-k1: entailment (no valid paragraphs for label 0/2)
[82/100] v1.1-row-1144-A | section-k4: contradiction | section-k2: contradiction | section-route: contradiction | section-k1: contradiction | embed-e5-small: contradiction | full: contradiction
[83/100] v1.1-row-1161-A | section-k2: contradiction | section-k1: contradiction | section-k4: contradiction | full: contradiction | section-route: contradiction | embed-e5-small: contradiction
[84/100] v1.1-row-1166-A | section-k1: contradiction | full: neutral | section-k2: contradiction | embed-e5-small: neutral | section-k4: contradiction | section-route: contradiction
[85/100] v1.1-row-1198-A | full: contradiction | embed-e5-small: contradiction | section-k1: neutral | section-route: contradiction | section-k2: neutral | section-k4: contradiction
[86/100] v1.1-row-1205-A | embed-e5-small: contradiction | section-route: contradiction | full: contradiction | section-k4: contradiction | section-k1: contradiction | section-k2: contradiction
[87/100] v1.1-row-1208-A | section-route: contradiction | section-k4: contradiction | embed-e5-small: contradiction | section-k2: contradiction | full: contradiction | section-k1: contradiction
[88/100] v1.1-row-1251-A | section-k4: contradiction | section-k2: contradiction | section-route: contradiction | section-k1: contradiction | embed-e5-small: contradiction | full: contradiction
[89/100] v1.1-row-1253-A | section-k2: contradiction | section-k1: neutral | section-k4: contradiction | full: contradiction | section-route: contradiction | embed-e5-small: neutral
[90/100] v1.1-row-1280-A | section-k1: contradiction | full: contradiction | section-k2: contradiction | embed-e5-small: contradiction | section-k4: contradiction | section-route: contradiction
[91/100] v1.1-row-1308-A | full: contradiction | embed-e5-small: contradiction | section-k1: neutral | section-route: contradiction | section-k2: contradiction | section-k4: contradiction
[92/100] v1.1-row-1324-A | embed-e5-small: contradiction | section-route: contradiction | full: entailment | section-k4: contradiction | section-k1: neutral | section-k2: contradiction
[93/100] v1.1-row-1326-A | section-route: contradiction | section-k4: contradiction | embed-e5-small: entailment | section-k2: contradiction | full: contradiction | section-k1: neutral
[94/100] v1.1-row-1341-A | section-k4: contradiction | section-k2: contradiction | section-route: contradiction | section-k1: neutral | embed-e5-small: contradiction | full: contradiction
[95/100] v1.1-row-1350-A | section-k2: contradiction | section-k1: contradiction | section-k4: contradiction | full: contradiction | section-route: contradiction | embed-e5-small: contradiction
[96/100] v1.1-row-1381-A | section-k1: contradiction | full: contradiction | section-k2: contradiction | embed-e5-small: contradiction | section-k4: contradiction | section-route: contradiction
[97/100] v1.1-row-1396-A | full: contradiction | embed-e5-small: contradiction | section-k1: neutral | section-route: contradiction | section-k2: contradiction | section-k4: contradiction
[98/100] v1.1-row-1456-A | embed-e5-small: contradiction | section-route: contradiction | full: contradiction | section-k4: contradiction | section-k1: contradiction | section-k2: contradiction
[99/100] v1.1-row-1459-A | section-route: contradiction | section-k4: contradiction | embed-e5-small: contradiction | section-k2: contradiction | full: contradiction | section-k1: neutral
[100/100] v1.1-row-1468-A | section-k4: entailment | section-k2: contradiction | section-route: contradiction | section-k1: neutral | embed-e5-small: entailment | full: contradiction
full: ok: 100; HTTP 429 answers: 0, retries: 0
embed-e5-small: ok: 100; HTTP 429 answers: 0, retries: 0
section-route: ok: 100; HTTP 429 answers: 0, retries: 0
section-k4: ok: 100; HTTP 429 answers: 0, retries: 0
section-k2: ok: 100; HTTP 429 answers: 0, retries: 0
section-k1: ok: 99, no valid paragraphs for label 0/2: 1; HTTP 429 answers: 0, retries: 0
