docker build --platform linux/amd64 -t hackapertus-voting-nli .
#0 building with "desktop-linux" instance using docker driver

#1 [internal] load build definition from Dockerfile
#1 transferring dockerfile: 1.19kB done
#1 DONE 0.0s

#2 [internal] load metadata for docker.io/library/python:3.12-slim
#2 DONE 2.3s

#3 [internal] load .dockerignore
#3 transferring context: 240B done
#3 DONE 0.0s

#4 [1/7] FROM docker.io/library/python:3.12-slim@sha256:05cda9777409a9c3ffddd94a4c476b79f0769a0b4857f0c7ed9226b6800b0d6f
#4 DONE 0.0s

#5 [internal] load build context
#5 transferring context: 314B done
#5 DONE 0.0s

#6 [5/7] ADD https://huggingface.co/intfloat/multilingual-e5-small/resolve/614241f622f53c4eeff9890bdc4f31cfecc418b3/onnx/model.onnx https://huggingface.co/intfloat/multilingual-e5-small/resolve/614241f622f53c4eeff9890bdc4f31cfecc418b3/onnx/tokenizer.json /app/models/multilingual-e5-small/
#6 DONE 1.7s

#7 [5/7] ADD https://huggingface.co/intfloat/multilingual-e5-small/resolve/614241f622f53c4eeff9890bdc4f31cfecc418b3/onnx/model.onnx https://huggingface.co/intfloat/multilingual-e5-small/resolve/614241f622f53c4eeff9890bdc4f31cfecc418b3/onnx/tokenizer.json /app/models/multilingual-e5-small/
#7 DONE 1.7s

#8 [6/7] RUN chmod -R a+rX /app/models
#8 CACHED

#9 [4/7] RUN pip install --no-cache-dir -r requirements.txt
#9 CACHED

#10 [5/7] ADD https://huggingface.co/intfloat/multilingual-e5-small/resolve/614241f622f53c4eeff9890bdc4f31cfecc418b3/onnx/model.onnx https://huggingface.co/intfloat/multilingual-e5-small/resolve/614241f622f53c4eeff9890bdc4f31cfecc418b3/onnx/tokenizer.json /app/models/multilingual-e5-small/
#10 CACHED

#11 [2/7] WORKDIR /app
#11 CACHED

#12 [3/7] COPY requirements.txt .
#12 CACHED

#13 [7/7] COPY src/ src/
#13 CACHED

#14 exporting to image
#14 exporting layers done
#14 writing image sha256:f34995ba58f178de63bbfd37117fe2881bc376067a73f223cd826b43108590cc done
#14 naming to docker.io/library/hackapertus-voting-nli done
#14 DONE 0.0s

View build details: docker-desktop://dashboard/build/desktop-linux/desktop-linux/l501sbyniw011ayivb7ecvxa0
=== task A context: embed-e5-small ===
INFO [1/300] v1.1-row-2-A -> entailment
INFO [2/300] v1.1-row-4-A -> entailment
INFO [3/300] v1.1-row-5-A -> entailment
INFO [4/300] v1.1-row-9-A -> entailment
INFO [5/300] v1.1-row-18-A -> entailment
INFO [6/300] v1.1-row-21-A -> entailment
INFO [7/300] v1.1-row-22-A -> entailment
INFO [8/300] v1.1-row-26-A -> entailment
INFO [9/300] v1.1-row-27-A -> entailment
INFO [10/300] v1.1-row-31-A -> contradiction
INFO [11/300] v1.1-row-35-A -> contradiction
INFO [12/300] v1.1-row-36-A -> contradiction
INFO [13/300] v1.1-row-40-A -> entailment
INFO [14/300] v1.1-row-48-A -> entailment
INFO [15/300] v1.1-row-49-A -> contradiction
INFO [16/300] v1.1-row-68-A -> entailment
INFO [17/300] v1.1-row-75-A -> entailment
INFO [18/300] v1.1-row-76-A -> entailment
INFO [19/300] v1.1-row-80-A -> entailment
INFO [20/300] v1.1-row-84-A -> entailment
INFO [21/300] v1.1-row-85-A -> entailment
INFO [22/300] v1.1-row-86-A -> contradiction
INFO [23/300] v1.1-row-93-A -> contradiction
INFO [24/300] v1.1-row-94-A -> entailment
INFO [25/300] v1.1-row-95-A -> entailment
INFO [26/300] v1.1-row-109-A -> contradiction
INFO [27/300] v1.1-row-116-A -> entailment
INFO [28/300] v1.1-row-133-A -> entailment
INFO [29/300] v1.1-row-134-A -> entailment
INFO [30/300] v1.1-row-135-A -> entailment
INFO [31/300] v1.1-row-146-A -> entailment
INFO [32/300] v1.1-row-150-A -> entailment
INFO [33/300] v1.1-row-154-A -> entailment
INFO [34/300] v1.1-row-160-A -> entailment
INFO [35/300] v1.1-row-161-A -> entailment
INFO [36/300] v1.1-row-162-A -> contradiction
INFO [37/300] v1.1-row-166-A -> entailment
INFO [38/300] v1.1-row-167-A -> entailment
INFO [39/300] v1.1-row-168-A -> entailment
INFO [40/300] v1.1-row-170-A -> entailment
INFO [41/300] v1.1-row-179-A -> entailment
INFO [42/300] v1.1-row-180-A -> entailment
INFO [43/300] v1.1-row-188-A -> entailment
INFO [44/300] v1.1-row-189-A -> contradiction
INFO [45/300] v1.1-row-198-A -> entailment
INFO [46/300] v1.1-row-205-A -> entailment
INFO [47/300] v1.1-row-212-A -> entailment
INFO [48/300] v1.1-row-216-A -> entailment
INFO [49/300] v1.1-row-223-A -> contradiction
INFO [50/300] v1.1-row-228-A -> entailment
INFO [51/300] v1.1-row-232-A -> entailment
INFO [52/300] v1.1-row-237-A -> entailment
INFO [53/300] v1.1-row-240-A -> contradiction
INFO [54/300] v1.1-row-241-A -> entailment
INFO [55/300] v1.1-row-247-A -> contradiction
INFO [56/300] v1.1-row-260-A -> entailment
INFO [57/300] v1.1-row-262-A -> entailment
INFO [58/300] v1.1-row-263-A -> entailment
INFO [59/300] v1.1-row-269-A -> entailment
INFO [60/300] v1.1-row-273-A -> entailment
INFO [61/300] v1.1-row-288-A -> entailment
INFO [62/300] v1.1-row-290-A -> contradiction
INFO [63/300] v1.1-row-293-A -> entailment
INFO [64/300] v1.1-row-303-A -> neutral
INFO [65/300] v1.1-row-304-A -> entailment
INFO [66/300] v1.1-row-308-A -> neutral
INFO [67/300] v1.1-row-310-A -> entailment
INFO [68/300] v1.1-row-313-A -> contradiction
INFO [69/300] v1.1-row-330-A -> entailment
INFO [70/300] v1.1-row-331-A -> entailment
INFO [71/300] v1.1-row-333-A -> entailment
INFO [72/300] v1.1-row-339-A -> entailment
INFO [73/300] v1.1-row-345-A -> contradiction
INFO [74/300] v1.1-row-347-A -> entailment
INFO [75/300] v1.1-row-350-A -> contradiction
INFO [76/300] v1.1-row-359-A -> entailment
INFO [77/300] v1.1-row-363-A -> entailment
INFO [78/300] v1.1-row-367-A -> entailment
INFO [79/300] v1.1-row-370-A -> contradiction
INFO [80/300] v1.1-row-371-A -> entailment
INFO [81/300] v1.1-row-380-A -> neutral
INFO [82/300] v1.1-row-408-A -> entailment
INFO [83/300] v1.1-row-412-A -> neutral
INFO [84/300] v1.1-row-414-A -> entailment
INFO [85/300] v1.1-row-418-A -> entailment
INFO [86/300] v1.1-row-419-A -> entailment
INFO [87/300] v1.1-row-424-A -> entailment
INFO [88/300] v1.1-row-429-A -> entailment
INFO [89/300] v1.1-row-430-A -> entailment
INFO [90/300] v1.1-row-431-A -> neutral
INFO [91/300] v1.1-row-439-A -> entailment
INFO [92/300] v1.1-row-450-A -> entailment
INFO [93/300] v1.1-row-455-A -> entailment
INFO [94/300] v1.1-row-458-A -> entailment
INFO [95/300] v1.1-row-469-A -> entailment
INFO [96/300] v1.1-row-471-A -> entailment
INFO [97/300] v1.1-row-474-A -> contradiction
INFO [98/300] v1.1-row-478-A -> entailment
INFO [99/300] v1.1-row-482-A -> entailment
INFO [100/300] v1.1-row-491-A -> entailment
INFO [101/300] v1.1-row-492-A -> entailment
INFO [102/300] v1.1-row-493-A -> entailment
INFO [103/300] v1.1-row-500-A -> contradiction
INFO [104/300] v1.1-row-501-A -> neutral
INFO [105/300] v1.1-row-507-A -> neutral
INFO [106/300] v1.1-row-510-A -> contradiction
INFO [107/300] v1.1-row-511-A -> neutral
INFO [108/300] v1.1-row-515-A -> neutral
INFO [109/300] v1.1-row-517-A -> neutral
INFO [110/300] v1.1-row-521-A -> contradiction
INFO [111/300] v1.1-row-528-A -> neutral
INFO [112/300] v1.1-row-531-A -> neutral
INFO [113/300] v1.1-row-538-A -> neutral
INFO [114/300] v1.1-row-549-A -> neutral
INFO [115/300] v1.1-row-554-A -> neutral
INFO [116/300] v1.1-row-556-A -> entailment
INFO [117/300] v1.1-row-564-A -> neutral
INFO [118/300] v1.1-row-566-A -> neutral
INFO [119/300] v1.1-row-567-A -> neutral
INFO [120/300] v1.1-row-568-A -> neutral
INFO [121/300] v1.1-row-577-A -> neutral
INFO [122/300] v1.1-row-580-A -> neutral
INFO [123/300] v1.1-row-608-A -> neutral
INFO [124/300] v1.1-row-614-A -> neutral
INFO [125/300] v1.1-row-616-A -> neutral
INFO [126/300] v1.1-row-619-A -> contradiction
INFO [127/300] v1.1-row-623-A -> neutral
INFO [128/300] v1.1-row-629-A -> neutral
INFO [129/300] v1.1-row-633-A -> neutral
INFO [130/300] v1.1-row-637-A -> neutral
INFO [131/300] v1.1-row-638-A -> neutral
INFO [132/300] v1.1-row-640-A -> contradiction
INFO [133/300] v1.1-row-645-A -> neutral
INFO [134/300] v1.1-row-648-A -> neutral
INFO [135/300] v1.1-row-656-A -> entailment
INFO [136/300] v1.1-row-662-A -> neutral
INFO [137/300] v1.1-row-665-A -> entailment
INFO [138/300] v1.1-row-666-A -> neutral
INFO [139/300] v1.1-row-668-A -> neutral
INFO [140/300] v1.1-row-670-A -> neutral
INFO [141/300] v1.1-row-679-A -> entailment
INFO [142/300] v1.1-row-682-A -> neutral
INFO [143/300] v1.1-row-688-A -> neutral
INFO [144/300] v1.1-row-691-A -> entailment
INFO [145/300] v1.1-row-692-A -> neutral
INFO [146/300] v1.1-row-700-A -> neutral
INFO [147/300] v1.1-row-711-A -> contradiction
INFO [148/300] v1.1-row-713-A -> neutral
INFO [149/300] v1.1-row-720-A -> neutral
INFO [150/300] v1.1-row-724-A -> neutral
INFO [151/300] v1.1-row-726-A -> entailment
INFO [152/300] v1.1-row-731-A -> neutral
INFO [153/300] v1.1-row-739-A -> contradiction
INFO [154/300] v1.1-row-746-A -> neutral
INFO [155/300] v1.1-row-757-A -> contradiction
INFO [156/300] v1.1-row-762-A -> neutral
INFO [157/300] v1.1-row-767-A -> entailment
INFO [158/300] v1.1-row-770-A -> contradiction
INFO [159/300] v1.1-row-777-A -> neutral
INFO [160/300] v1.1-row-782-A -> neutral
INFO [161/300] v1.1-row-793-A -> neutral
INFO [162/300] v1.1-row-797-A -> neutral
INFO [163/300] v1.1-row-798-A -> neutral
INFO [164/300] v1.1-row-800-A -> neutral
INFO [165/300] v1.1-row-810-A -> entailment
INFO [166/300] v1.1-row-820-A -> neutral
INFO [167/300] v1.1-row-821-A -> entailment
INFO [168/300] v1.1-row-826-A -> neutral
INFO [169/300] v1.1-row-830-A -> neutral
INFO [170/300] v1.1-row-836-A -> neutral
INFO [171/300] v1.1-row-841-A -> neutral
INFO [172/300] v1.1-row-843-A -> neutral
INFO [173/300] v1.1-row-844-A -> contradiction
INFO [174/300] v1.1-row-849-A -> entailment
INFO [175/300] v1.1-row-852-A -> neutral
INFO [176/300] v1.1-row-853-A -> neutral
INFO [177/300] v1.1-row-854-A -> contradiction
INFO [178/300] v1.1-row-869-A -> neutral
INFO [179/300] v1.1-row-875-A -> neutral
INFO [180/300] v1.1-row-876-A -> neutral
INFO [181/300] v1.1-row-896-A -> neutral
INFO [182/300] v1.1-row-899-A -> neutral
INFO [183/300] v1.1-row-901-A -> neutral
INFO [184/300] v1.1-row-904-A -> neutral
INFO [185/300] v1.1-row-909-A -> neutral
INFO [186/300] v1.1-row-920-A -> neutral
INFO [187/300] v1.1-row-930-A -> neutral
INFO [188/300] v1.1-row-932-A -> neutral
INFO [189/300] v1.1-row-935-A -> neutral
INFO [190/300] v1.1-row-939-A -> neutral
INFO [191/300] v1.1-row-944-A -> neutral
INFO [192/300] v1.1-row-946-A -> contradiction
INFO [193/300] v1.1-row-947-A -> neutral
INFO [194/300] v1.1-row-948-A -> contradiction
INFO [195/300] v1.1-row-951-A -> neutral
INFO [196/300] v1.1-row-953-A -> neutral
INFO [197/300] v1.1-row-965-A -> neutral
INFO [198/300] v1.1-row-977-A -> neutral
INFO [199/300] v1.1-row-980-A -> neutral
INFO [200/300] v1.1-row-981-A -> neutral
INFO [201/300] v1.1-row-988-A -> neutral
INFO [202/300] v1.1-row-994-A -> contradiction
INFO [203/300] v1.1-row-1000-A -> contradiction
INFO [204/300] v1.1-row-1003-A -> contradiction
INFO [205/300] v1.1-row-1011-A -> contradiction
INFO [206/300] v1.1-row-1014-A -> neutral
INFO [207/300] v1.1-row-1015-A -> neutral
INFO [208/300] v1.1-row-1016-A -> entailment
INFO [209/300] v1.1-row-1020-A -> contradiction
INFO [210/300] v1.1-row-1022-A -> contradiction
INFO [211/300] v1.1-row-1023-A -> contradiction
INFO [212/300] v1.1-row-1026-A -> contradiction
INFO [213/300] v1.1-row-1039-A -> contradiction
INFO [214/300] v1.1-row-1052-A -> contradiction
INFO [215/300] v1.1-row-1056-A -> contradiction
INFO [216/300] v1.1-row-1063-A -> contradiction
INFO [217/300] v1.1-row-1064-A -> contradiction
INFO [218/300] v1.1-row-1067-A -> contradiction
INFO [219/300] v1.1-row-1074-A -> contradiction
INFO [220/300] v1.1-row-1080-A -> contradiction
INFO [221/300] v1.1-row-1083-A -> contradiction
INFO [222/300] v1.1-row-1085-A -> contradiction
INFO [223/300] v1.1-row-1092-A -> contradiction
INFO [224/300] v1.1-row-1098-A -> contradiction
INFO [225/300] v1.1-row-1100-A -> neutral
INFO [226/300] v1.1-row-1102-A -> contradiction
INFO [227/300] v1.1-row-1110-A -> contradiction
INFO [228/300] v1.1-row-1115-A -> contradiction
INFO [229/300] v1.1-row-1117-A -> entailment
INFO [230/300] v1.1-row-1118-A -> contradiction
INFO [231/300] v1.1-row-1128-A -> neutral
INFO [232/300] v1.1-row-1138-A -> neutral
INFO [233/300] v1.1-row-1144-A -> contradiction
INFO [234/300] v1.1-row-1152-A -> contradiction
INFO [235/300] v1.1-row-1161-A -> neutral
INFO [236/300] v1.1-row-1166-A -> neutral
INFO [237/300] v1.1-row-1167-A -> neutral
INFO [238/300] v1.1-row-1169-A -> contradiction
INFO [239/300] v1.1-row-1177-A -> neutral
INFO [240/300] v1.1-row-1183-A -> contradiction
INFO [241/300] v1.1-row-1194-A -> contradiction
INFO [242/300] v1.1-row-1198-A -> contradiction
INFO [243/300] v1.1-row-1203-A -> contradiction
INFO [244/300] v1.1-row-1205-A -> contradiction
INFO [245/300] v1.1-row-1208-A -> contradiction
INFO [246/300] v1.1-row-1219-A -> contradiction
INFO [247/300] v1.1-row-1223-A -> contradiction
INFO [248/300] v1.1-row-1230-A -> neutral
INFO [249/300] v1.1-row-1238-A -> neutral
INFO [250/300] v1.1-row-1243-A -> contradiction
INFO [251/300] v1.1-row-1246-A -> contradiction
INFO [252/300] v1.1-row-1251-A -> contradiction
INFO [253/300] v1.1-row-1253-A -> neutral
INFO [254/300] v1.1-row-1258-A -> entailment
INFO [255/300] v1.1-row-1263-A -> contradiction
INFO [256/300] v1.1-row-1265-A -> contradiction
INFO [257/300] v1.1-row-1267-A -> contradiction
INFO [258/300] v1.1-row-1271-A -> contradiction
INFO [259/300] v1.1-row-1276-A -> contradiction
INFO [260/300] v1.1-row-1280-A -> contradiction
INFO [261/300] v1.1-row-1283-A -> contradiction
INFO [262/300] v1.1-row-1291-A -> entailment
INFO [263/300] v1.1-row-1297-A -> neutral
INFO [264/300] v1.1-row-1302-A -> neutral
INFO [265/300] v1.1-row-1304-A -> contradiction
INFO [266/300] v1.1-row-1308-A -> contradiction
INFO [267/300] v1.1-row-1320-A -> contradiction
INFO [268/300] v1.1-row-1324-A -> contradiction
INFO [269/300] v1.1-row-1326-A -> contradiction
INFO [270/300] v1.1-row-1335-A -> contradiction
INFO [271/300] v1.1-row-1341-A -> contradiction
INFO [272/300] v1.1-row-1342-A -> contradiction
INFO [273/300] v1.1-row-1343-A -> contradiction
INFO [274/300] v1.1-row-1350-A -> contradiction
INFO [275/300] v1.1-row-1364-A -> contradiction
INFO [276/300] v1.1-row-1369-A -> contradiction
INFO [277/300] v1.1-row-1375-A -> contradiction
INFO [278/300] v1.1-row-1376-A -> contradiction
INFO [279/300] v1.1-row-1381-A -> contradiction
INFO [280/300] v1.1-row-1383-A -> contradiction
INFO [281/300] v1.1-row-1384-A -> contradiction
INFO [282/300] v1.1-row-1391-A -> contradiction
INFO [283/300] v1.1-row-1396-A -> neutral
INFO [284/300] v1.1-row-1403-A -> contradiction
INFO [285/300] v1.1-row-1407-A -> contradiction
INFO [286/300] v1.1-row-1416-A -> contradiction
INFO [287/300] v1.1-row-1421-A -> neutral
INFO [288/300] v1.1-row-1424-A -> contradiction
INFO [289/300] v1.1-row-1436-A -> contradiction
INFO [290/300] v1.1-row-1444-A -> contradiction
INFO [291/300] v1.1-row-1451-A -> contradiction
INFO [292/300] v1.1-row-1456-A -> contradiction
INFO [293/300] v1.1-row-1459-A -> contradiction
INFO [294/300] v1.1-row-1464-A -> contradiction
INFO [295/300] v1.1-row-1468-A -> neutral
INFO [296/300] v1.1-row-1472-A -> contradiction
INFO [297/300] v1.1-row-1474-A -> entailment
INFO [298/300] v1.1-row-1477-A -> contradiction
INFO [299/300] v1.1-row-1478-A -> neutral
INFO [300/300] v1.1-row-1481-A -> neutral
INFO Wrote 300 responses to /output/predictions.jsonl
INFO No failures.
