300 cases, 44 booklets parsed; arms: ['A-current', 'L1', 'L2']
[1/300] v1.1-row-2-A | A-current: entailment | L1: entailment | L2: entailment
[2/300] v1.1-row-4-A | L1: entailment | L2: entailment | A-current: entailment
resume 18:59:49
300 cases, 44 booklets parsed; arms: ['A-current', 'L1', 'L2']
[3/300] v1.1-row-5-A | L2: entailment | A-current: entailment | L1: entailment
[4/300] v1.1-row-9-A | A-current: entailment | L1: entailment | L2: entailment
[5/300] v1.1-row-18-A | L1: entailment | L2: entailment | A-current: entailment
[6/300] v1.1-row-21-A | L2: entailment | A-current: entailment | L1: entailment
[7/300] v1.1-row-22-A | A-current: entailment | L1: entailment | L2: entailment
[8/300] v1.1-row-26-A | L1: entailment | L2: entailment | A-current: entailment
[9/300] v1.1-row-27-A | L2: entailment | A-current: entailment | L1: entailment
[10/300] v1.1-row-31-A | A-current: entailment | L1: entailment | L2: entailment
[11/300] v1.1-row-35-A | L1: entailment | L2: entailment | A-current: entailment
[12/300] v1.1-row-36-A | L2: entailment | A-current: entailment | L1: entailment
[13/300] v1.1-row-40-A | A-current: entailment | L1: entailment | L2: entailment
[14/300] v1.1-row-48-A | L1: entailment | L2: entailment | A-current: entailment
[15/300] v1.1-row-49-A | L2: entailment | A-current: entailment | L1: entailment
[16/300] v1.1-row-68-A | A-current: entailment | L1: entailment | L2: entailment
[17/300] v1.1-row-75-A | L1: entailment | L2: entailment | A-current: entailment
[18/300] v1.1-row-76-A | L2: entailment | A-current: entailment | L1: entailment
[19/300] v1.1-row-80-A | A-current: entailment | L1: entailment | L2: entailment
[20/300] v1.1-row-84-A | L1: entailment | L2: entailment | A-current: entailment
[21/300] v1.1-row-85-A | L2: contradiction | A-current: contradiction | L1: contradiction
[22/300] v1.1-row-86-A | A-current: entailment | L1: entailment | L2: entailment
[23/300] v1.1-row-93-A | L1: entailment | L2: entailment | A-current: entailment
[24/300] v1.1-row-94-A | L2: entailment | A-current: entailment | L1: entailment
[25/300] v1.1-row-95-A | A-current: entailment | L1: entailment | L2: entailment
[26/300] v1.1-row-109-A | L1: entailment | L2: entailment | A-current: entailment
[27/300] v1.1-row-116-A | L2: entailment | A-current: entailment | L1: entailment
[28/300] v1.1-row-133-A | A-current: entailment | L1: entailment | L2: entailment
[29/300] v1.1-row-134-A | L1: entailment | L2: entailment | A-current: entailment
[30/300] v1.1-row-135-A | L2: entailment | A-current: entailment | L1: entailment
[31/300] v1.1-row-146-A | A-current: entailment | L1: entailment | L2: entailment
[32/300] v1.1-row-150-A | L1: entailment | L2: entailment | A-current: entailment
[33/300] v1.1-row-154-A | L2: entailment | A-current: entailment | L1: entailment
[34/300] v1.1-row-160-A | A-current: entailment | L1: entailment | L2: entailment
[35/300] v1.1-row-161-A | L1: entailment | L2: entailment | A-current: entailment
[36/300] v1.1-row-162-A | L2: entailment | A-current: entailment | L1: entailment
[37/300] v1.1-row-166-A | A-current: entailment | L1: entailment | L2: entailment
[38/300] v1.1-row-167-A | L1: entailment | L2: entailment | A-current: entailment
[39/300] v1.1-row-168-A | L2: entailment | A-current: entailment | L1: entailment
[40/300] v1.1-row-170-A | A-current: entailment | L1: entailment | L2: entailment
[41/300] v1.1-row-179-A | L1: entailment | L2: entailment | A-current: entailment
[42/300] v1.1-row-180-A | L2: entailment | A-current: entailment | L1: entailment
[43/300] v1.1-row-188-A | A-current: entailment | L1: entailment | L2: entailment
[44/300] v1.1-row-189-A | L1: entailment | L2: entailment | A-current: entailment
[45/300] v1.1-row-198-A | L2: entailment | A-current: entailment | L1: entailment
[46/300] v1.1-row-205-A | A-current: entailment | L1: entailment | L2: entailment
[47/300] v1.1-row-212-A | L1: entailment | L2: entailment | A-current: entailment
[48/300] v1.1-row-216-A | L2: entailment | A-current: entailment | L1: entailment
[49/300] v1.1-row-223-A | A-current: entailment | L1: entailment | L2: entailment
[50/300] v1.1-row-228-A | L1: entailment | L2: entailment | A-current: entailment
[51/300] v1.1-row-232-A | L2: entailment | A-current: entailment | L1: contradiction
[52/300] v1.1-row-237-A | A-current: entailment | L1: entailment | L2: entailment
[53/300] v1.1-row-240-A | L1: entailment | L2: entailment | A-current: entailment
[54/300] v1.1-row-241-A | L2: entailment | A-current: entailment | L1: entailment
[55/300] v1.1-row-247-A | A-current: entailment | L1: entailment | L2: entailment
[56/300] v1.1-row-260-A | L1: entailment | L2: entailment | A-current: entailment
[57/300] v1.1-row-262-A | L2: entailment | A-current: entailment | L1: entailment
[58/300] v1.1-row-263-A | A-current: entailment | L1: entailment | L2: entailment
[59/300] v1.1-row-269-A | L1: entailment | L2: entailment | A-current: entailment
[60/300] v1.1-row-273-A | L2: entailment | A-current: entailment | L1: entailment
[61/300] v1.1-row-288-A | A-current: entailment | L1: entailment | L2: entailment
[62/300] v1.1-row-290-A | L1: entailment | L2: entailment | A-current: entailment
[63/300] v1.1-row-293-A | L2: entailment | A-current: entailment | L1: entailment
[64/300] v1.1-row-303-A | A-current: entailment | L1: entailment | L2: entailment
[65/300] v1.1-row-304-A | L1: entailment | L2: entailment | A-current: entailment
[66/300] v1.1-row-308-A | L2: entailment | A-current: entailment | L1: entailment
[67/300] v1.1-row-310-A | A-current: entailment | L1: entailment | L2: entailment
[68/300] v1.1-row-313-A | L1: entailment | L2: entailment | A-current: entailment
[69/300] v1.1-row-330-A | L2: entailment | A-current: entailment | L1: entailment
[70/300] v1.1-row-331-A | A-current: entailment | L1: entailment | L2: entailment
[71/300] v1.1-row-333-A | L1: entailment | L2: entailment | A-current: entailment
[72/300] v1.1-row-339-A | L2: entailment | A-current: entailment | L1: entailment
[73/300] v1.1-row-345-A | A-current: entailment | L1: entailment | L2: entailment
[74/300] v1.1-row-347-A | L1: entailment | L2: entailment | A-current: entailment
[75/300] v1.1-row-350-A | L2: entailment | A-current: entailment | L1: entailment
[76/300] v1.1-row-359-A | A-current: entailment | L1: entailment | L2: entailment
[77/300] v1.1-row-363-A | L1: entailment | L2: entailment | A-current: entailment
[78/300] v1.1-row-367-A | L2: entailment | A-current: entailment | L1: entailment
[79/300] v1.1-row-370-A | A-current: entailment | L1: entailment | L2: entailment
[80/300] v1.1-row-371-A | L1: entailment | L2: entailment | A-current: entailment
[81/300] v1.1-row-380-A | L2: entailment | A-current: entailment | L1: entailment
[82/300] v1.1-row-408-A | A-current: entailment | L1: entailment | L2: entailment
[83/300] v1.1-row-412-A | L1: entailment | L2: entailment | A-current: entailment
[84/300] v1.1-row-414-A | L2: entailment | A-current: entailment | L1: entailment
[85/300] v1.1-row-418-A | A-current: entailment | L1: entailment | L2: entailment
[86/300] v1.1-row-419-A | L1: entailment | L2: entailment | A-current: entailment
[87/300] v1.1-row-424-A | L2: entailment | A-current: entailment | L1: entailment
[88/300] v1.1-row-429-A | A-current: entailment | L1: entailment | L2: entailment
[89/300] v1.1-row-430-A | L1: entailment | L2: entailment | A-current: entailment
[90/300] v1.1-row-431-A | L2: entailment | A-current: entailment | L1: entailment
[91/300] v1.1-row-439-A | A-current: entailment | L1: entailment | L2: entailment
[92/300] v1.1-row-450-A | L1: entailment | L2: entailment | A-current: entailment
[93/300] v1.1-row-455-A | L2: entailment | A-current: entailment | L1: entailment
[94/300] v1.1-row-458-A | A-current: entailment | L1: entailment | L2: entailment
[95/300] v1.1-row-469-A | L1: entailment | L2: entailment | A-current: entailment
[96/300] v1.1-row-471-A | L2: entailment | A-current: entailment | L1: entailment
[97/300] v1.1-row-474-A | A-current: entailment | L1: entailment | L2: entailment
[98/300] v1.1-row-478-A | L1: entailment | L2: entailment | A-current: entailment
[99/300] v1.1-row-482-A | L2: entailment | A-current: entailment | L1: entailment
[100/300] v1.1-row-491-A | A-current: entailment | L1: entailment | L2: entailment
[101/300] v1.1-row-492-A | L1: entailment | L2: entailment | A-current: entailment
[102/300] v1.1-row-493-A | L2: entailment | A-current: entailment | L1: entailment
[103/300] v1.1-row-500-A | A-current: neutral | L1: neutral | L2: neutral
[104/300] v1.1-row-501-A | L1: neutral | L2: neutral | A-current: neutral
[105/300] v1.1-row-507-A | L2: neutral | A-current: neutral | L1: neutral
[106/300] v1.1-row-510-A | A-current: neutral | L1: neutral | L2: neutral
[107/300] v1.1-row-511-A | L1: neutral | L2: neutral | A-current: neutral
[108/300] v1.1-row-515-A | L2: neutral | A-current: neutral | L1: neutral
[109/300] v1.1-row-517-A | A-current: neutral | L1: neutral | L2: neutral
[110/300] v1.1-row-521-A | L1: neutral | L2: neutral | A-current: neutral
[111/300] v1.1-row-528-A | L2: neutral | A-current: neutral | L1: neutral
[112/300] v1.1-row-531-A | A-current: neutral | L1: neutral | L2: neutral
[113/300] v1.1-row-538-A | L1: neutral | L2: neutral | A-current: neutral
[114/300] v1.1-row-549-A | L2: neutral | A-current: neutral | L1: neutral
[115/300] v1.1-row-554-A | A-current: neutral | L1: neutral | L2: neutral
[116/300] v1.1-row-556-A | L1: neutral | L2: neutral | A-current: neutral
[117/300] v1.1-row-564-A | L2: neutral | A-current: neutral | L1: neutral
[118/300] v1.1-row-566-A | A-current: neutral | L1: neutral | L2: neutral
[119/300] v1.1-row-567-A | L1: neutral | L2: neutral | A-current: neutral
[120/300] v1.1-row-568-A | L2: neutral | A-current: neutral | L1: neutral
[121/300] v1.1-row-577-A | A-current: neutral | L1: neutral | L2: neutral
[122/300] v1.1-row-580-A | L1: neutral | L2: neutral | A-current: neutral
[123/300] v1.1-row-608-A | L2: neutral | A-current: neutral | L1: neutral
[124/300] v1.1-row-614-A | A-current: neutral | L1: neutral | L2: neutral
[125/300] v1.1-row-616-A | L1: neutral | L2: neutral | A-current: neutral
[126/300] v1.1-row-619-A | L2: neutral | A-current: neutral | L1: neutral
[127/300] v1.1-row-623-A | A-current: neutral | L1: neutral | L2: neutral
[128/300] v1.1-row-629-A | L1: neutral | L2: neutral | A-current: neutral
[129/300] v1.1-row-633-A | L2: neutral | A-current: neutral | L1: neutral
[130/300] v1.1-row-637-A | A-current: neutral | L1: neutral | L2: neutral
[131/300] v1.1-row-638-A | L1: neutral | L2: neutral | A-current: neutral
[132/300] v1.1-row-640-A | L2: neutral | A-current: neutral | L1: neutral
[133/300] v1.1-row-645-A | A-current: neutral | L1: neutral | L2: neutral
[134/300] v1.1-row-648-A | L1: neutral | L2: neutral | A-current: neutral
[135/300] v1.1-row-656-A | L2: neutral | A-current: neutral | L1: neutral
[136/300] v1.1-row-662-A | A-current: neutral | L1: neutral | L2: neutral
[137/300] v1.1-row-665-A | L1: neutral | L2: neutral | A-current: neutral
[138/300] v1.1-row-666-A | L2: neutral | A-current: neutral | L1: neutral
[139/300] v1.1-row-668-A | A-current: neutral | L1: neutral | L2: neutral
[140/300] v1.1-row-670-A | L1: neutral | L2: neutral | A-current: neutral
[141/300] v1.1-row-679-A | L2: neutral | A-current: neutral | L1: neutral
[142/300] v1.1-row-682-A | A-current: neutral | L1: neutral | L2: neutral
[143/300] v1.1-row-688-A | L1: neutral | L2: neutral | A-current: neutral
[144/300] v1.1-row-691-A | L2: neutral | A-current: neutral | L1: neutral
[145/300] v1.1-row-692-A | A-current: neutral | L1: neutral | L2: neutral
[146/300] v1.1-row-700-A | L1: neutral | L2: neutral | A-current: neutral
[147/300] v1.1-row-711-A | L2: neutral | A-current: neutral | L1: neutral
[148/300] v1.1-row-713-A | A-current: neutral | L1: neutral | L2: neutral
[149/300] v1.1-row-720-A | L1: neutral | L2: neutral | A-current: neutral
[150/300] v1.1-row-724-A | L2: neutral | A-current: neutral | L1: neutral
[151/300] v1.1-row-726-A | A-current: neutral | L1: neutral | L2: neutral
[152/300] v1.1-row-731-A | L1: neutral | L2: neutral | A-current: neutral
[153/300] v1.1-row-739-A | L2: neutral | A-current: neutral | L1: neutral
[154/300] v1.1-row-746-A | A-current: neutral | L1: neutral | L2: neutral
[155/300] v1.1-row-757-A | L1: neutral | L2: neutral | A-current: neutral
[156/300] v1.1-row-762-A | L2: neutral | A-current: neutral | L1: neutral
[157/300] v1.1-row-767-A | A-current: neutral | L1: neutral | L2: neutral
[158/300] v1.1-row-770-A | L1: neutral | L2: neutral | A-current: neutral
[159/300] v1.1-row-777-A | L2: neutral | A-current: neutral | L1: neutral
[160/300] v1.1-row-782-A | A-current: neutral | L1: neutral | L2: neutral
[161/300] v1.1-row-793-A | L1: neutral | L2: neutral | A-current: neutral
[162/300] v1.1-row-797-A | L2: neutral | A-current: neutral | L1: neutral
[163/300] v1.1-row-798-A | A-current: neutral | L1: neutral | L2: neutral
[164/300] v1.1-row-800-A | L1: neutral | L2: neutral | A-current: neutral
[165/300] v1.1-row-810-A | L2: neutral | A-current: neutral | L1: neutral
[166/300] v1.1-row-820-A | A-current: neutral | L1: neutral | L2: neutral
[167/300] v1.1-row-821-A | L1: neutral | L2: neutral | A-current: neutral
[168/300] v1.1-row-826-A | L2: neutral | A-current: neutral | L1: neutral
[169/300] v1.1-row-830-A | A-current: neutral | L1: neutral | L2: neutral
[170/300] v1.1-row-836-A | L1: neutral | L2: neutral | A-current: neutral
[171/300] v1.1-row-841-A | L2: neutral | A-current: neutral | L1: neutral
[172/300] v1.1-row-843-A | A-current: neutral | L1: neutral | L2: neutral
[173/300] v1.1-row-844-A | L1: neutral | L2: neutral | A-current: neutral
[174/300] v1.1-row-849-A | L2: neutral | A-current: neutral | L1: neutral
[175/300] v1.1-row-852-A | A-current: neutral | L1: neutral | L2: neutral
[176/300] v1.1-row-853-A | L1: neutral | L2: neutral | A-current: neutral
[177/300] v1.1-row-854-A | L2: neutral | A-current: neutral | L1: neutral
[178/300] v1.1-row-869-A | A-current: neutral | L1: neutral | L2: neutral
[179/300] v1.1-row-875-A | L1: neutral | L2: neutral | A-current: neutral
[180/300] v1.1-row-876-A | L2: neutral | A-current: neutral | L1: neutral
[181/300] v1.1-row-896-A | A-current: neutral | L1: neutral | L2: neutral
[182/300] v1.1-row-899-A | L1: neutral | L2: neutral | A-current: neutral
[183/300] v1.1-row-901-A | L2: neutral | A-current: neutral | L1: neutral
[184/300] v1.1-row-904-A | A-current: neutral | L1: neutral | L2: neutral
[185/300] v1.1-row-909-A | L1: neutral | L2: neutral | A-current: neutral
[186/300] v1.1-row-920-A | L2: neutral | A-current: neutral | L1: neutral
[187/300] v1.1-row-930-A | A-current: neutral | L1: neutral | L2: neutral
[188/300] v1.1-row-932-A | L1: neutral | L2: neutral | A-current: neutral
[189/300] v1.1-row-935-A | L2: neutral | A-current: neutral | L1: neutral
[190/300] v1.1-row-939-A | A-current: neutral | L1: neutral | L2: neutral
[191/300] v1.1-row-944-A | L1: neutral | L2: neutral | A-current: neutral
[192/300] v1.1-row-946-A | L2: neutral | A-current: neutral | L1: neutral
[193/300] v1.1-row-947-A | A-current: neutral | L1: neutral | L2: neutral
[194/300] v1.1-row-948-A | L1: neutral | L2: neutral | A-current: neutral
[195/300] v1.1-row-951-A | L2: neutral | A-current: neutral | L1: neutral
[196/300] v1.1-row-953-A | A-current: neutral | L1: neutral | L2: neutral
[197/300] v1.1-row-965-A | L1: neutral | L2: neutral | A-current: neutral
[198/300] v1.1-row-977-A | L2: neutral | A-current: neutral | L1: neutral
[199/300] v1.1-row-980-A | A-current: neutral | L1: neutral | L2: neutral
[200/300] v1.1-row-981-A | L1: neutral | L2: neutral | A-current: neutral
[201/300] v1.1-row-988-A | L2: neutral | A-current: neutral | L1: neutral
[202/300] v1.1-row-994-A | A-current: contradiction | L1: contradiction | L2: contradiction
[203/300] v1.1-row-1000-A | L1: contradiction | L2: contradiction | A-current: contradiction
[204/300] v1.1-row-1003-A | L2: contradiction | A-current: contradiction | L1: contradiction
[205/300] v1.1-row-1011-A | A-current: contradiction | L1: contradiction | L2: contradiction
[206/300] v1.1-row-1014-A | L1: contradiction | L2: contradiction | A-current: neutral
[207/300] v1.1-row-1015-A | L2: contradiction | A-current: contradiction | L1: contradiction
[208/300] v1.1-row-1016-A | A-current: neutral | L1: neutral | L2: contradiction
[209/300] v1.1-row-1020-A | L1: contradiction | L2: contradiction | A-current: contradiction
[210/300] v1.1-row-1022-A | L2: contradiction | A-current: contradiction | L1: contradiction
[211/300] v1.1-row-1023-A | A-current: contradiction | L1: contradiction | L2: contradiction
[212/300] v1.1-row-1026-A | L1: contradiction | L2: contradiction | A-current: contradiction
[213/300] v1.1-row-1039-A | L2: contradiction | A-current: contradiction | L1: contradiction
[214/300] v1.1-row-1052-A | A-current: contradiction | L1: contradiction | L2: contradiction
[215/300] v1.1-row-1056-A | L1: contradiction | L2: contradiction | A-current: contradiction
[216/300] v1.1-row-1063-A | L2: contradiction | A-current: contradiction | L1: contradiction
[217/300] v1.1-row-1064-A | A-current: contradiction | L1: contradiction | L2: contradiction
[218/300] v1.1-row-1067-A | L1: contradiction | L2: contradiction | A-current: contradiction
[219/300] v1.1-row-1074-A | L2: contradiction | A-current: contradiction | L1: contradiction
[220/300] v1.1-row-1080-A | A-current: contradiction | L1: contradiction | L2: contradiction
[221/300] v1.1-row-1083-A | L1: contradiction | L2: contradiction | A-current: contradiction
[222/300] v1.1-row-1085-A | L2: contradiction | A-current: contradiction | L1: contradiction
[223/300] v1.1-row-1092-A | A-current: contradiction | L1: contradiction | L2: contradiction
[224/300] v1.1-row-1098-A | L1: contradiction | L2: contradiction | A-current: contradiction
[225/300] v1.1-row-1100-A | L2: contradiction | A-current: contradiction | L1: contradiction
[226/300] v1.1-row-1102-A | A-current: contradiction | L1: contradiction | L2: contradiction
[227/300] v1.1-row-1110-A | L1: contradiction | L2: contradiction | A-current: contradiction
[228/300] v1.1-row-1115-A | L2: contradiction | A-current: contradiction | L1: contradiction
[229/300] v1.1-row-1117-A | A-current: neutral | L1: contradiction | L2: neutral
[230/300] v1.1-row-1118-A | L1: contradiction | L2: contradiction | A-current: contradiction
[231/300] v1.1-row-1128-A | L2: contradiction | A-current: contradiction | L1: contradiction
[232/300] v1.1-row-1138-A | A-current: neutral | L1: entailment | L2: neutral
[233/300] v1.1-row-1144-A | L1: contradiction | L2: contradiction | A-current: contradiction
[234/300] v1.1-row-1152-A | L2: contradiction | A-current: contradiction | L1: contradiction
[235/300] v1.1-row-1161-A | A-current: neutral | L1: neutral | L2: neutral
[236/300] v1.1-row-1166-A | L1: contradiction | L2: contradiction | A-current: contradiction
[237/300] v1.1-row-1167-A | L2: entailment | A-current: entailment | L1: entailment
[238/300] v1.1-row-1169-A | A-current: contradiction | L1: contradiction | L2: contradiction
[239/300] v1.1-row-1177-A | L1: contradiction | L2: contradiction | A-current: contradiction
[240/300] v1.1-row-1183-A | L2: contradiction | A-current: contradiction | L1: contradiction
[241/300] v1.1-row-1194-A | A-current: contradiction | L1: contradiction | L2: contradiction
[242/300] v1.1-row-1198-A | L1: contradiction | L2: contradiction | A-current: contradiction
[243/300] v1.1-row-1203-A | L2: contradiction | A-current: contradiction | L1: contradiction
[244/300] v1.1-row-1205-A | A-current: contradiction | L1: contradiction | L2: contradiction
[245/300] v1.1-row-1208-A | L1: contradiction | L2: contradiction | A-current: contradiction
[246/300] v1.1-row-1219-A | L2: contradiction | A-current: contradiction | L1: contradiction
[247/300] v1.1-row-1223-A | A-current: contradiction | L1: contradiction | L2: contradiction
[248/300] v1.1-row-1230-A | L1: contradiction | L2: neutral | A-current: neutral
[249/300] v1.1-row-1238-A | L2: contradiction | A-current: contradiction | L1: contradiction
[250/300] v1.1-row-1243-A | A-current: contradiction | L1: contradiction | L2: contradiction
[251/300] v1.1-row-1246-A | L1: contradiction | L2: contradiction | A-current: contradiction
[252/300] v1.1-row-1251-A | L2: contradiction | A-current: contradiction | L1: contradiction
[253/300] v1.1-row-1253-A | A-current: contradiction | L1: contradiction | L2: contradiction
[254/300] v1.1-row-1258-A | L1: contradiction | L2: contradiction | A-current: contradiction
[255/300] v1.1-row-1263-A | L2: contradiction | A-current: contradiction | L1: contradiction
[256/300] v1.1-row-1265-A | A-current: contradiction | L1: contradiction | L2: contradiction
[257/300] v1.1-row-1267-A | L1: contradiction | L2: contradiction | A-current: contradiction
[258/300] v1.1-row-1271-A | L2: contradiction | A-current: contradiction | L1: contradiction
[259/300] v1.1-row-1276-A | A-current: contradiction | L1: contradiction | L2: contradiction
[260/300] v1.1-row-1280-A | L1: contradiction | L2: contradiction | A-current: contradiction
[261/300] v1.1-row-1283-A | L2: contradiction | A-current: contradiction | L1: contradiction
[262/300] v1.1-row-1291-A | A-current: contradiction | L1: contradiction | L2: contradiction
[263/300] v1.1-row-1297-A | L1: contradiction | L2: contradiction | A-current: contradiction
[264/300] v1.1-row-1302-A | L2: contradiction | A-current: contradiction | L1: contradiction
[265/300] v1.1-row-1304-A | A-current: contradiction | L1: contradiction | L2: contradiction
[266/300] v1.1-row-1308-A | L1: contradiction | L2: contradiction | A-current: contradiction
[267/300] v1.1-row-1320-A | L2: contradiction | A-current: contradiction | L1: contradiction
[268/300] v1.1-row-1324-A | A-current: contradiction | L1: contradiction | L2: contradiction
[269/300] v1.1-row-1326-A | L1: contradiction | L2: contradiction | A-current: contradiction
[270/300] v1.1-row-1335-A | L2: contradiction | A-current: contradiction | L1: contradiction
[271/300] v1.1-row-1341-A | A-current: contradiction | L1: contradiction | L2: contradiction
[272/300] v1.1-row-1342-A | L1: contradiction | L2: contradiction | A-current: contradiction
[273/300] v1.1-row-1343-A | L2: contradiction | A-current: contradiction | L1: contradiction
[274/300] v1.1-row-1350-A | A-current: contradiction | L1: contradiction | L2: contradiction
[275/300] v1.1-row-1364-A | L1: contradiction | L2: contradiction | A-current: contradiction
[276/300] v1.1-row-1369-A | L2: contradiction | A-current: contradiction | L1: contradiction
[277/300] v1.1-row-1375-A | A-current: contradiction | L1: contradiction | L2: contradiction
[278/300] v1.1-row-1376-A | L1: contradiction | L2: contradiction | A-current: contradiction
[279/300] v1.1-row-1381-A | L2: contradiction | A-current: contradiction | L1: contradiction
[280/300] v1.1-row-1383-A | A-current: contradiction | L1: contradiction | L2: contradiction
[281/300] v1.1-row-1384-A | L1: contradiction | L2: contradiction | A-current: neutral
[282/300] v1.1-row-1391-A | L2: contradiction | A-current: contradiction | L1: contradiction
[283/300] v1.1-row-1396-A | A-current: contradiction | L1: contradiction | L2: contradiction
[284/300] v1.1-row-1403-A | L1: contradiction | L2: contradiction | A-current: contradiction
[285/300] v1.1-row-1407-A | L2: contradiction | A-current: contradiction | L1: contradiction
[286/300] v1.1-row-1416-A | A-current: contradiction | L1: contradiction | L2: contradiction
[287/300] v1.1-row-1421-A | L1: contradiction | L2: contradiction | A-current: contradiction
[288/300] v1.1-row-1424-A | L2: contradiction | A-current: contradiction | L1: contradiction
[289/300] v1.1-row-1436-A | A-current: contradiction | L1: contradiction | L2: contradiction
[290/300] v1.1-row-1444-A | L1: contradiction | L2: contradiction | A-current: contradiction
[291/300] v1.1-row-1451-A | L2: contradiction | A-current: contradiction | L1: contradiction
[292/300] v1.1-row-1456-A | A-current: contradiction | L1: contradiction | L2: contradiction
[293/300] v1.1-row-1459-A | L1: contradiction | L2: contradiction | A-current: contradiction
[294/300] v1.1-row-1464-A | L2: contradiction | A-current: contradiction | L1: contradiction
[295/300] v1.1-row-1468-A | A-current: entailment | L1: contradiction | L2: entailment
[296/300] v1.1-row-1472-A | L1: contradiction | L2: contradiction | A-current: contradiction
[297/300] v1.1-row-1474-A | L2: contradiction | A-current: contradiction | L1: contradiction
[298/300] v1.1-row-1477-A | A-current: contradiction | L1: contradiction | L2: contradiction
[299/300] v1.1-row-1478-A | L1: contradiction | L2: contradiction | A-current: contradiction
[300/300] v1.1-row-1481-A | L2: contradiction | A-current: contradiction | L1: contradiction
A-current: ok: 300; HTTP 429 answers: 0, retries: 0
L1: ok: 300; HTTP 429 answers: 0, retries: 0
L2: ok: 300; HTTP 429 answers: 0, retries: 0
