300 cases, 45 booklets parsed; arms: ['section-route', 'embed-e5-small']
[1/300] v1.1-row-0-A | section-route: entailment | embed-e5-small: entailment
[2/300] v1.1-row-1-A | embed-e5-small: entailment | section-route: entailment
[3/300] v1.1-row-3-A | section-route: entailment | embed-e5-small: entailment
[4/300] v1.1-row-7-A | embed-e5-small: entailment | section-route: entailment
[5/300] v1.1-row-11-A | section-route: entailment | embed-e5-small: entailment
[6/300] v1.1-row-12-A | embed-e5-small: entailment | section-route: entailment
[7/300] v1.1-row-13-A | section-route: entailment | embed-e5-small: entailment
[8/300] v1.1-row-17-A | embed-e5-small: entailment | section-route: entailment
[9/300] v1.1-row-19-A | section-route: entailment | embed-e5-small: neutral
[10/300] v1.1-row-25-A | embed-e5-small: entailment | section-route: entailment
[11/300] v1.1-row-37-A | section-route: entailment | embed-e5-small: entailment
[12/300] v1.1-row-43-A | embed-e5-small: entailment | section-route: entailment
[13/300] v1.1-row-44-A | section-route: entailment | embed-e5-small: entailment
[14/300] v1.1-row-52-A | embed-e5-small: entailment | section-route: entailment
[15/300] v1.1-row-56-A | section-route: entailment | embed-e5-small: entailment
[16/300] v1.1-row-61-A | embed-e5-small: entailment | section-route: entailment
[17/300] v1.1-row-63-A | section-route: entailment | embed-e5-small: neutral
[18/300] v1.1-row-65-A | embed-e5-small: entailment | section-route: entailment
[19/300] v1.1-row-69-A | section-route: entailment | embed-e5-small: entailment
[20/300] v1.1-row-88-A | embed-e5-small: entailment | section-route: entailment
[21/300] v1.1-row-90-A | section-route: entailment | embed-e5-small: entailment
[22/300] v1.1-row-92-A | embed-e5-small: entailment | section-route: entailment
[23/300] v1.1-row-101-A | section-route: entailment | embed-e5-small: entailment
[24/300] v1.1-row-103-A | embed-e5-small: entailment | section-route: entailment
[25/300] v1.1-row-105-A | section-route: entailment | embed-e5-small: entailment
[26/300] v1.1-row-106-A | embed-e5-small: entailment | section-route: entailment
[27/300] v1.1-row-118-A | section-route: entailment | embed-e5-small: entailment
[28/300] v1.1-row-122-A | embed-e5-small: entailment | section-route: entailment
[29/300] v1.1-row-125-A | section-route: entailment | embed-e5-small: entailment
[30/300] v1.1-row-130-A | embed-e5-small: entailment | section-route: entailment
[31/300] v1.1-row-136-A | section-route: entailment | embed-e5-small: entailment
[32/300] v1.1-row-143-A | embed-e5-small: entailment | section-route: entailment
[33/300] v1.1-row-147-A | section-route: entailment | embed-e5-small: entailment
[34/300] v1.1-row-152-A | embed-e5-small: entailment | section-route: entailment
[35/300] v1.1-row-157-A | section-route: entailment | embed-e5-small: entailment
[36/300] v1.1-row-159-A | embed-e5-small: entailment | section-route: entailment
[37/300] v1.1-row-165-A | section-route: entailment | embed-e5-small: entailment
[38/300] v1.1-row-169-A | embed-e5-small: contradiction | section-route: entailment
[39/300] v1.1-row-172-A | section-route: entailment | embed-e5-small: entailment
[40/300] v1.1-row-173-A | embed-e5-small: entailment | section-route: entailment
[41/300] v1.1-row-174-A | section-route: entailment | embed-e5-small: entailment
[42/300] v1.1-row-182-A | embed-e5-small: contradiction | section-route: entailment
[43/300] v1.1-row-183-A | section-route: entailment | embed-e5-small: entailment
[44/300] v1.1-row-186-A | embed-e5-small: contradiction | section-route: contradiction
[45/300] v1.1-row-187-A | section-route: entailment | embed-e5-small: entailment
[46/300] v1.1-row-190-A | embed-e5-small: entailment | section-route: entailment
[47/300] v1.1-row-192-A | section-route: entailment | embed-e5-small: entailment
[48/300] v1.1-row-196-A | embed-e5-small: entailment | section-route: entailment
[49/300] v1.1-row-202-A | section-route: entailment | embed-e5-small: entailment
[50/300] v1.1-row-204-A | embed-e5-small: entailment | section-route: entailment
[51/300] v1.1-row-224-A | section-route: entailment | embed-e5-small: entailment
[52/300] v1.1-row-227-A | embed-e5-small: entailment | section-route: entailment
[53/300] v1.1-row-236-A | section-route: entailment | embed-e5-small: entailment
[54/300] v1.1-row-248-A | embed-e5-small: entailment | section-route: entailment
[55/300] v1.1-row-250-A | section-route: entailment | embed-e5-small: entailment
[56/300] v1.1-row-252-A | embed-e5-small: entailment | section-route: entailment
[57/300] v1.1-row-257-A | section-route: entailment | embed-e5-small: entailment
[58/300] v1.1-row-258-A | embed-e5-small: entailment | section-route: entailment
[59/300] v1.1-row-264-A | section-route: entailment | embed-e5-small: entailment
[60/300] v1.1-row-268-A | embed-e5-small: neutral | section-route: entailment
[61/300] v1.1-row-271-A | section-route: entailment | embed-e5-small: entailment
[62/300] v1.1-row-280-A | embed-e5-small: entailment | section-route: entailment
[63/300] v1.1-row-284-A | section-route: entailment | embed-e5-small: entailment
[64/300] v1.1-row-286-A | embed-e5-small: entailment | section-route: entailment
[65/300] v1.1-row-294-A | section-route: entailment | embed-e5-small: entailment
[66/300] v1.1-row-295-A | embed-e5-small: entailment | section-route: entailment
[67/300] v1.1-row-305-A | section-route: entailment | embed-e5-small: entailment
[68/300] v1.1-row-309-A | embed-e5-small: entailment | section-route: entailment
[69/300] v1.1-row-312-A | section-route: entailment | embed-e5-small: entailment
[70/300] v1.1-row-317-A | embed-e5-small: entailment | section-route: entailment
[71/300] v1.1-row-321-A | section-route: entailment | embed-e5-small: entailment
[72/300] v1.1-row-328-A | embed-e5-small: entailment | section-route: entailment
[73/300] v1.1-row-334-A | section-route: entailment | embed-e5-small: entailment
[74/300] v1.1-row-337-A | embed-e5-small: entailment | section-route: entailment
[75/300] v1.1-row-338-A | section-route: entailment | embed-e5-small: entailment
[76/300] v1.1-row-341-A | embed-e5-small: entailment | section-route: neutral
[77/300] v1.1-row-342-A | section-route: entailment | embed-e5-small: entailment
[78/300] v1.1-row-343-A | embed-e5-small: entailment | section-route: entailment
[79/300] v1.1-row-348-A | section-route: entailment | embed-e5-small: entailment
[80/300] v1.1-row-355-A | embed-e5-small: entailment | section-route: entailment
[81/300] v1.1-row-356-A | section-route: entailment | embed-e5-small: entailment
[82/300] v1.1-row-358-A | embed-e5-small: entailment | section-route: entailment
[83/300] v1.1-row-364-A | section-route: entailment | embed-e5-small: entailment
[84/300] v1.1-row-366-A | embed-e5-small: entailment | section-route: entailment
[85/300] v1.1-row-383-A | section-route: entailment | embed-e5-small: entailment
[86/300] v1.1-row-387-A | embed-e5-small: entailment | section-route: entailment
[87/300] v1.1-row-391-A | section-route: entailment | embed-e5-small: entailment
[88/300] v1.1-row-394-A | embed-e5-small: contradiction | section-route: entailment
[89/300] v1.1-row-396-A | section-route: entailment | embed-e5-small: neutral
[90/300] v1.1-row-397-A | embed-e5-small: entailment | section-route: entailment
[91/300] v1.1-row-399-A | section-route: entailment | embed-e5-small: entailment
[92/300] v1.1-row-400-A | embed-e5-small: entailment | section-route: entailment
[93/300] v1.1-row-410-A | section-route: entailment | embed-e5-small: entailment
[94/300] v1.1-row-416-A | embed-e5-small: entailment | section-route: entailment
[95/300] v1.1-row-421-A | section-route: entailment | embed-e5-small: entailment
[96/300] v1.1-row-422-A | embed-e5-small: entailment | section-route: entailment
[97/300] v1.1-row-440-A | section-route: entailment | embed-e5-small: entailment
[98/300] v1.1-row-443-A | embed-e5-small: entailment | section-route: entailment
[99/300] v1.1-row-448-A | section-route: entailment | embed-e5-small: entailment
[100/300] v1.1-row-454-A | embed-e5-small: entailment | section-route: entailment
[101/300] v1.1-row-461-A | section-route: entailment | embed-e5-small: entailment
[102/300] v1.1-row-466-A | embed-e5-small: entailment | section-route: entailment
[103/300] v1.1-row-472-A | section-route: entailment | embed-e5-small: entailment
[104/300] v1.1-row-476-A | embed-e5-small: contradiction | section-route: entailment
[105/300] v1.1-row-483-A | section-route: entailment | embed-e5-small: entailment
[106/300] v1.1-row-495-A | embed-e5-small: neutral | section-route: neutral
[107/300] v1.1-row-498-A | section-route: neutral | embed-e5-small: neutral
[108/300] v1.1-row-499-A | embed-e5-small: neutral | section-route: neutral
[109/300] v1.1-row-505-A | section-route: neutral | embed-e5-small: neutral
[110/300] v1.1-row-529-A | embed-e5-small: contradiction | section-route: neutral
[111/300] v1.1-row-532-A | section-route: neutral | embed-e5-small: contradiction
[112/300] v1.1-row-540-A | embed-e5-small: neutral | section-route: neutral
[113/300] v1.1-row-541-A | section-route: neutral | embed-e5-small: neutral
[114/300] v1.1-row-546-A | embed-e5-small: neutral | section-route: neutral
[115/300] v1.1-row-548-A | section-route: neutral | embed-e5-small: neutral
[116/300] v1.1-row-555-A | embed-e5-small: neutral | section-route: neutral
[117/300] v1.1-row-572-A | section-route: neutral | embed-e5-small: neutral
[118/300] v1.1-row-573-A | embed-e5-small: neutral | section-route: neutral
[119/300] v1.1-row-579-A | section-route: neutral | embed-e5-small: neutral
[120/300] v1.1-row-591-A | embed-e5-small: neutral | section-route: neutral
[121/300] v1.1-row-599-A | section-route: neutral | embed-e5-small: neutral
[122/300] v1.1-row-606-A | embed-e5-small: neutral | section-route: neutral
[123/300] v1.1-row-609-A | section-route: neutral | embed-e5-small: neutral
[124/300] v1.1-row-610-A | embed-e5-small: neutral | section-route: neutral
[125/300] v1.1-row-621-A | section-route: neutral | embed-e5-small: contradiction
[126/300] v1.1-row-624-A | embed-e5-small: neutral | section-route: neutral
[127/300] v1.1-row-628-A | section-route: neutral | embed-e5-small: neutral
[128/300] v1.1-row-634-A | embed-e5-small: neutral | section-route: neutral
[129/300] v1.1-row-639-A | section-route: neutral | embed-e5-small: neutral
[130/300] v1.1-row-641-A | embed-e5-small: neutral | section-route: neutral
[131/300] v1.1-row-642-A | section-route: neutral | embed-e5-small: neutral
[132/300] v1.1-row-649-A | embed-e5-small: neutral | section-route: neutral
[133/300] v1.1-row-651-A | section-route: neutral | embed-e5-small: neutral
[134/300] v1.1-row-654-A | embed-e5-small: neutral | section-route: neutral
[135/300] v1.1-row-660-A | section-route: neutral | embed-e5-small: neutral
[136/300] v1.1-row-664-A | embed-e5-small: neutral | section-route: neutral
[137/300] v1.1-row-669-A | section-route: neutral | embed-e5-small: neutral
[138/300] v1.1-row-672-A | embed-e5-small: neutral | section-route: neutral
[139/300] v1.1-row-678-A | section-route: neutral | embed-e5-small: neutral
[140/300] v1.1-row-681-A | embed-e5-small: contradiction | section-route: neutral
[141/300] v1.1-row-685-A | section-route: neutral | embed-e5-small: neutral
[142/300] v1.1-row-690-A | embed-e5-small: neutral | section-route: neutral
[143/300] v1.1-row-695-A | section-route: neutral | embed-e5-small: neutral
[144/300] v1.1-row-698-A | embed-e5-small: neutral | section-route: neutral
[145/300] v1.1-row-714-A | section-route: neutral | embed-e5-small: neutral
[146/300] v1.1-row-719-A | embed-e5-small: neutral | section-route: neutral
[147/300] v1.1-row-721-A | section-route: neutral | embed-e5-small: neutral
[148/300] v1.1-row-728-A | embed-e5-small: neutral | section-route: neutral
[149/300] v1.1-row-734-A | section-route: neutral | embed-e5-small: neutral
[150/300] v1.1-row-741-A | embed-e5-small: neutral | section-route: neutral
[151/300] v1.1-row-745-A | section-route: neutral | embed-e5-small: contradiction
[152/300] v1.1-row-750-A | embed-e5-small: neutral | section-route: neutral
[153/300] v1.1-row-751-A | section-route: neutral | embed-e5-small: neutral
[154/300] v1.1-row-761-A | embed-e5-small: neutral | section-route: neutral
[155/300] v1.1-row-769-A | section-route: neutral | embed-e5-small: neutral
[156/300] v1.1-row-773-A | embed-e5-small: contradiction | section-route: neutral
[157/300] v1.1-row-774-A | section-route: neutral | embed-e5-small: neutral
[158/300] v1.1-row-775-A | embed-e5-small: neutral | section-route: neutral
[159/300] v1.1-row-787-A | section-route: neutral | embed-e5-small: neutral
[160/300] v1.1-row-788-A | embed-e5-small: neutral | section-route: neutral
[161/300] v1.1-row-792-A | section-route: neutral | embed-e5-small: neutral
[162/300] v1.1-row-795-A | embed-e5-small: neutral | section-route: neutral
[163/300] v1.1-row-808-A | section-route: neutral | embed-e5-small: neutral
[164/300] v1.1-row-812-A | embed-e5-small: neutral | section-route: neutral
[165/300] v1.1-row-813-A | section-route: neutral | embed-e5-small: neutral
[166/300] v1.1-row-817-A | embed-e5-small: neutral | section-route: neutral
[167/300] v1.1-row-819-A | section-route: neutral | embed-e5-small: neutral
[168/300] v1.1-row-823-A | embed-e5-small: contradiction | section-route: neutral
[169/300] v1.1-row-828-A | section-route: neutral | embed-e5-small: neutral
[170/300] v1.1-row-833-A | embed-e5-small: neutral | section-route: neutral
[171/300] v1.1-row-835-A | section-route: neutral | embed-e5-small: neutral
[172/300] v1.1-row-837-A | embed-e5-small: neutral | section-route: neutral
[173/300] v1.1-row-840-A | section-route: neutral | embed-e5-small: neutral
[174/300] v1.1-row-842-A | embed-e5-small: neutral | section-route: neutral
[175/300] v1.1-row-847-A | section-route: neutral | embed-e5-small: neutral
[176/300] v1.1-row-850-A | embed-e5-small: neutral | section-route: neutral
[177/300] v1.1-row-859-A | section-route: neutral | embed-e5-small: neutral
[178/300] v1.1-row-862-A | embed-e5-small: contradiction | section-route: neutral
[179/300] v1.1-row-868-A | section-route: neutral | embed-e5-small: neutral
[180/300] v1.1-row-878-A | embed-e5-small: neutral | section-route: neutral
[181/300] v1.1-row-881-A | section-route: neutral | embed-e5-small: neutral
[182/300] v1.1-row-882-A | embed-e5-small: neutral | section-route: neutral
[183/300] v1.1-row-892-A | section-route: neutral | embed-e5-small: neutral
[184/300] v1.1-row-893-A | embed-e5-small: neutral | section-route: neutral
[185/300] v1.1-row-895-A | section-route: neutral | embed-e5-small: neutral
[186/300] v1.1-row-921-A | embed-e5-small: neutral | section-route: neutral
[187/300] v1.1-row-923-A | section-route: neutral | embed-e5-small: contradiction
[188/300] v1.1-row-925-A | embed-e5-small: neutral | section-route: neutral
[189/300] v1.1-row-931-A | section-route: neutral | embed-e5-small: neutral
[190/300] v1.1-row-943-A | embed-e5-small: neutral | section-route: neutral
[191/300] v1.1-row-954-A | section-route: neutral | embed-e5-small: neutral
[192/300] v1.1-row-963-A | embed-e5-small: neutral | section-route: neutral
[193/300] v1.1-row-967-A | section-route: neutral | embed-e5-small: neutral
[194/300] v1.1-row-973-A | embed-e5-small: neutral | section-route: neutral
[195/300] v1.1-row-974-A | section-route: neutral | embed-e5-small: neutral
[196/300] v1.1-row-975-A | embed-e5-small: neutral | section-route: neutral
[197/300] v1.1-row-976-A | section-route: neutral | embed-e5-small: neutral
[198/300] v1.1-row-978-A | embed-e5-small: neutral | section-route: neutral
[199/300] v1.1-row-979-A | section-route: neutral | embed-e5-small: neutral
[200/300] v1.1-row-984-A | embed-e5-small: neutral | section-route: neutral
[201/300] v1.1-row-987-A | section-route: neutral | embed-e5-small: neutral
[202/300] v1.1-row-993-A | embed-e5-small: contradiction | section-route: contradiction
[203/300] v1.1-row-995-A | section-route: contradiction | embed-e5-small: entailment
[204/300] v1.1-row-996-A | embed-e5-small: contradiction | section-route: contradiction
[205/300] v1.1-row-997-A | section-route: contradiction | embed-e5-small: contradiction
[206/300] v1.1-row-998-A | embed-e5-small: contradiction | section-route: contradiction
[207/300] v1.1-row-999-A | section-route: contradiction | embed-e5-small: contradiction
[208/300] v1.1-row-1001-A | embed-e5-small: contradiction | section-route: contradiction
[209/300] v1.1-row-1002-A | section-route: contradiction | embed-e5-small: neutral
[210/300] v1.1-row-1007-A | embed-e5-small: contradiction | section-route: contradiction
[211/300] v1.1-row-1008-A | section-route: contradiction | embed-e5-small: contradiction
[212/300] v1.1-row-1018-A | embed-e5-small: entailment | section-route: contradiction
[213/300] v1.1-row-1025-A | section-route: neutral | embed-e5-small: contradiction
[214/300] v1.1-row-1036-A | embed-e5-small: neutral | section-route: neutral
[215/300] v1.1-row-1053-A | section-route: neutral | embed-e5-small: contradiction
[216/300] v1.1-row-1057-A | embed-e5-small: contradiction | section-route: contradiction
[217/300] v1.1-row-1060-A | section-route: contradiction | embed-e5-small: contradiction
[218/300] v1.1-row-1066-A | embed-e5-small: contradiction | section-route: contradiction
[219/300] v1.1-row-1081-A | section-route: contradiction | embed-e5-small: contradiction
[220/300] v1.1-row-1082-A | embed-e5-small: contradiction | section-route: contradiction
[221/300] v1.1-row-1086-A | section-route: contradiction | embed-e5-small: contradiction
[222/300] v1.1-row-1090-A | embed-e5-small: contradiction | section-route: contradiction
[223/300] v1.1-row-1106-A | section-route: contradiction | embed-e5-small: contradiction
[224/300] v1.1-row-1107-A | embed-e5-small: entailment | section-route: contradiction
[225/300] v1.1-row-1108-A | section-route: contradiction | embed-e5-small: contradiction
[226/300] v1.1-row-1113-A | embed-e5-small: contradiction | section-route: contradiction
[227/300] v1.1-row-1124-A | section-route: contradiction | embed-e5-small: contradiction (no valid pages for label 0/2)
[228/300] v1.1-row-1132-A | embed-e5-small: contradiction | section-route: contradiction
[229/300] v1.1-row-1134-A | section-route: contradiction | embed-e5-small: contradiction
[230/300] v1.1-row-1137-A | embed-e5-small: contradiction | section-route: contradiction
[231/300] v1.1-row-1142-A | section-route: contradiction | embed-e5-small: contradiction
[232/300] v1.1-row-1146-A | embed-e5-small: neutral | section-route: contradiction
[233/300] v1.1-row-1149-A | section-route: contradiction | embed-e5-small: contradiction
[234/300] v1.1-row-1151-A | embed-e5-small: neutral | section-route: neutral
[235/300] v1.1-row-1157-A | section-route: contradiction | embed-e5-small: contradiction
[236/300] v1.1-row-1158-A | embed-e5-small: contradiction | section-route: contradiction
[237/300] v1.1-row-1168-A | section-route: contradiction | embed-e5-small: contradiction
[238/300] v1.1-row-1170-A | embed-e5-small: contradiction | section-route: contradiction
[239/300] v1.1-row-1171-A | section-route: contradiction | embed-e5-small: entailment
[240/300] v1.1-row-1173-A | embed-e5-small: contradiction | section-route: contradiction
[241/300] v1.1-row-1175-A | section-route: contradiction | embed-e5-small: contradiction
[242/300] v1.1-row-1181-A | embed-e5-small: contradiction | section-route: contradiction
[243/300] v1.1-row-1184-A | section-route: contradiction | embed-e5-small: contradiction
[244/300] v1.1-row-1197-A | embed-e5-small: contradiction | section-route: contradiction
[245/300] v1.1-row-1211-A | section-route: contradiction | embed-e5-small: contradiction
[246/300] v1.1-row-1213-A | embed-e5-small: contradiction | section-route: contradiction
[247/300] v1.1-row-1214-A | section-route: contradiction | embed-e5-small: contradiction
[248/300] v1.1-row-1215-A | embed-e5-small: contradiction | section-route: neutral
[249/300] v1.1-row-1218-A | section-route: contradiction | embed-e5-small: contradiction
[250/300] v1.1-row-1226-A | embed-e5-small: contradiction | section-route: neutral
[251/300] v1.1-row-1228-A | section-route: contradiction | embed-e5-small: neutral
[252/300] v1.1-row-1235-A | embed-e5-small: contradiction | section-route: contradiction
[253/300] v1.1-row-1239-A | section-route: contradiction | embed-e5-small: contradiction
[254/300] v1.1-row-1244-A | embed-e5-small: contradiction | section-route: contradiction
[255/300] v1.1-row-1245-A | section-route: contradiction | embed-e5-small: entailment
[256/300] v1.1-row-1249-A | embed-e5-small: contradiction | section-route: contradiction
[257/300] v1.1-row-1254-A | section-route: contradiction | embed-e5-small: neutral
[258/300] v1.1-row-1255-A | embed-e5-small: contradiction | section-route: contradiction
[259/300] v1.1-row-1257-A | section-route: contradiction | embed-e5-small: contradiction
[260/300] v1.1-row-1259-A | embed-e5-small: entailment | section-route: entailment
[261/300] v1.1-row-1272-A | section-route: contradiction | embed-e5-small: contradiction
[262/300] v1.1-row-1274-A | embed-e5-small: contradiction | section-route: contradiction
[263/300] v1.1-row-1288-A | section-route: contradiction | embed-e5-small: contradiction
[264/300] v1.1-row-1294-A | embed-e5-small: contradiction | section-route: contradiction
[265/300] v1.1-row-1299-A | section-route: contradiction | embed-e5-small: entailment
[266/300] v1.1-row-1300-A | embed-e5-small: contradiction | section-route: contradiction
[267/300] v1.1-row-1312-A | section-route: entailment | embed-e5-small: entailment
[268/300] v1.1-row-1322-A | embed-e5-small: entailment | section-route: contradiction
[269/300] v1.1-row-1325-A | section-route: neutral | embed-e5-small: neutral
[270/300] v1.1-row-1334-A | embed-e5-small: entailment | section-route: contradiction
[271/300] v1.1-row-1340-A | section-route: contradiction | embed-e5-small: contradiction
[272/300] v1.1-row-1352-A | embed-e5-small: contradiction | section-route: contradiction
[273/300] v1.1-row-1354-A | section-route: contradiction | embed-e5-small: contradiction
[274/300] v1.1-row-1360-A | embed-e5-small: neutral | section-route: neutral
[275/300] v1.1-row-1366-A | section-route: contradiction | embed-e5-small: contradiction
[276/300] v1.1-row-1382-A | embed-e5-small: contradiction | section-route: contradiction
[277/300] v1.1-row-1387-A | section-route: contradiction | embed-e5-small: contradiction
[278/300] v1.1-row-1401-A | embed-e5-small: contradiction | section-route: contradiction
[279/300] v1.1-row-1405-A | section-route: contradiction | embed-e5-small: contradiction
[280/300] v1.1-row-1406-A | embed-e5-small: contradiction | section-route: contradiction
[281/300] v1.1-row-1411-A | section-route: contradiction | embed-e5-small: contradiction
[282/300] v1.1-row-1412-A | embed-e5-small: contradiction | section-route: contradiction
[283/300] v1.1-row-1417-A | section-route: contradiction | embed-e5-small: contradiction
[284/300] v1.1-row-1418-A | embed-e5-small: neutral | section-route: contradiction
[285/300] v1.1-row-1425-A | section-route: contradiction | embed-e5-small: contradiction
[286/300] v1.1-row-1426-A | embed-e5-small: contradiction | section-route: contradiction
[287/300] v1.1-row-1430-A | section-route: contradiction | embed-e5-small: contradiction
[288/300] v1.1-row-1431-A | embed-e5-small: contradiction | section-route: contradiction
[289/300] v1.1-row-1440-A | section-route: contradiction | embed-e5-small: contradiction
[290/300] v1.1-row-1454-A | embed-e5-small: contradiction | section-route: contradiction
[291/300] v1.1-row-1455-A | section-route: contradiction | embed-e5-small: contradiction
[292/300] v1.1-row-1457-A | embed-e5-small: entailment | section-route: entailment
[293/300] v1.1-row-1458-A | section-route: contradiction | embed-e5-small: contradiction
[294/300] v1.1-row-1460-A | embed-e5-small: neutral | section-route: contradiction
[295/300] v1.1-row-1465-A | section-route: contradiction | embed-e5-small: entailment
[296/300] v1.1-row-1473-A | embed-e5-small: contradiction | section-route: contradiction
[297/300] v1.1-row-1476-A | section-route: contradiction | embed-e5-small: contradiction
[298/300] v1.1-row-1479-A | embed-e5-small: contradiction | section-route: contradiction
[299/300] v1.1-row-1485-A | section-route: contradiction | embed-e5-small: contradiction
[300/300] v1.1-row-1486-A | embed-e5-small: contradiction | section-route: contradiction
section-route: ok: 300
embed-e5-small: ok: 299, no valid pages for label 0/2: 1
